Archive member included to satisfy reference by file (symbol)

startup/libea_startup_thumb.a(consol.o)
                              main.o (simplePrintf)
startup/libea_startup_thumb.a(framework.o)
                              main.o (printf_init)
startup/libea_startup_thumb.a(startup.o)
                              (_startup)
irq/irq_handler.a(irq_handler.o)
                              main.o (fillBufor)
c:/embedded/tools/bin/../lib/gcc/arm-none-eabi/5.4.1\libgcc.a(_udivsi3.o)
                              pff.o (__aeabi_uidiv)
c:/embedded/tools/bin/../lib/gcc/arm-none-eabi/5.4.1\libgcc.a(_dvmd_tls.o)
                              c:/embedded/tools/bin/../lib/gcc/arm-none-eabi/5.4.1\libgcc.a(_udivsi3.o) (__aeabi_idiv0)
c:/embedded/tools/bin/../lib/gcc/arm-none-eabi/5.4.1\libgcc.a(_aeabi_uldivmod.o)
                              main.o (__aeabi_uldivmod)
c:/embedded/tools/bin/../lib/gcc/arm-none-eabi/5.4.1\libgcc.a(_muldi3.o)
                              main.o (__aeabi_lmul)
c:/embedded/tools/bin/../lib/gcc/arm-none-eabi/5.4.1\libgcc.a(_udivmoddi4.o)
                              c:/embedded/tools/bin/../lib/gcc/arm-none-eabi/5.4.1\libgcc.a(_aeabi_uldivmod.o) (__udivmoddi4)
c:/embedded/tools/bin/../lib/gcc/arm-none-eabi/5.4.1\libgcc.a(_clzdi2.o)
                              c:/embedded/tools/bin/../lib/gcc/arm-none-eabi/5.4.1\libgcc.a(_udivmoddi4.o) (__clzdi2)
c:/embedded/tools/bin/../lib/gcc/arm-none-eabi/5.4.1\libgcc.a(_clzsi2.o)
                              c:/embedded/tools/bin/../lib/gcc/arm-none-eabi/5.4.1\libgcc.a(_clzdi2.o) (__clzsi2)
c:/embedded/tools/bin/../lib/gcc/arm-none-eabi/5.4.1/../../../../arm-none-eabi/lib\libc_nano.a(lib_a-atoi.o)
                              startup/libea_startup_thumb.a(consol.o) (atoi)
c:/embedded/tools/bin/../lib/gcc/arm-none-eabi/5.4.1/../../../../arm-none-eabi/lib\libc_nano.a(lib_a-memcpy-stub.o)
                              sd.o (memcpy)
c:/embedded/tools/bin/../lib/gcc/arm-none-eabi/5.4.1/../../../../arm-none-eabi/lib\libc_nano.a(lib_a-strcpy.o)
                              sd.o (strcpy)
c:/embedded/tools/bin/../lib/gcc/arm-none-eabi/5.4.1/../../../../arm-none-eabi/lib\libc_nano.a(lib_a-strlen.o)
                              sd.o (strlen)
c:/embedded/tools/bin/../lib/gcc/arm-none-eabi/5.4.1/../../../../arm-none-eabi/lib\libc_nano.a(lib_a-strncat.o)
                              sd.o (strncat)
c:/embedded/tools/bin/../lib/gcc/arm-none-eabi/5.4.1/../../../../arm-none-eabi/lib\libc_nano.a(lib_a-strncpy.o)
                              sd.o (strncpy)
c:/embedded/tools/bin/../lib/gcc/arm-none-eabi/5.4.1/../../../../arm-none-eabi/lib\libc_nano.a(lib_a-strtol.o)
                              c:/embedded/tools/bin/../lib/gcc/arm-none-eabi/5.4.1/../../../../arm-none-eabi/lib\libc_nano.a(lib_a-atoi.o) (_strtol_r)
c:/embedded/tools/bin/../lib/gcc/arm-none-eabi/5.4.1/../../../../arm-none-eabi/lib\libc_nano.a(lib_a-ctype_.o)
                              c:/embedded/tools/bin/../lib/gcc/arm-none-eabi/5.4.1/../../../../arm-none-eabi/lib\libc_nano.a(lib_a-strtol.o) (__ctype_ptr__)
c:/embedded/tools/bin/../lib/gcc/arm-none-eabi/5.4.1/../../../../arm-none-eabi/lib\libc_nano.a(lib_a-impure.o)
                              c:/embedded/tools/bin/../lib/gcc/arm-none-eabi/5.4.1/../../../../arm-none-eabi/lib\libc_nano.a(lib_a-strtol.o) (_impure_ptr)

Allocating common symbols
Common symbol       size              file

rc                  0x4               main.o
data_buffer_32      0x200             main.o
firstblock          0x1               diskio.o
fs                  0x4               pff.o
remain              0x4               pff.o
clst                0x4               pff.o
br                  0x2               main.o
pHeapEnd            0x4               startup/libea_startup_thumb.a(framework.o)
i                   0x4               diskio.o
pHeapStart          0x4               startup/libea_startup_thumb.a(framework.o)
filesCount          0x4               main.o
soundBufor0         0x2800            main.o
c                   0x1               diskio.o
cardresp            0x1               diskio.o
rcnt                0x2               pff.o
soundBufor1         0x2800            main.o
resp16              0x2               sd.o
pliki               0xc00             main.o
sect                0x4               pff.o
read_wynik          0x200             irq/irq_handler.a(irq_handler.o)
place               0x4               diskio.o
rbuff               0x4               pff.o
dr                  0x1               pff.o
fatfs               0x30              main.o

Memory Configuration

Name             Origin             Length             Attributes
FLASH            0x00000000         0x00080000         xr
RAM              0x40000000         0x00008000         rw
*default*        0x00000000         0xffffffff

Linker script and memory map

LOAD main.o
LOAD LCD.o
LOAD sd.o
LOAD spi.o
LOAD diskio.o
LOAD pff.o
LOAD lcd2.o
LOAD lcd_hw.o
LOAD startup/libea_startup_thumb.a
LOAD irq/irq_handler.a
LOAD c:/embedded/tools/bin/../lib/gcc/arm-none-eabi/5.4.1/../../../../arm-none-eabi/lib\libstdc++_nano.a
LOAD c:/embedded/tools/bin/../lib/gcc/arm-none-eabi/5.4.1/../../../../arm-none-eabi/lib\libm.a
START GROUP
LOAD c:/embedded/tools/bin/../lib/gcc/arm-none-eabi/5.4.1\libgcc.a
LOAD c:/embedded/tools/bin/../lib/gcc/arm-none-eabi/5.4.1/../../../../arm-none-eabi/lib\libc_nano.a
END GROUP
START GROUP
LOAD c:/embedded/tools/bin/../lib/gcc/arm-none-eabi/5.4.1\libgcc.a
LOAD c:/embedded/tools/bin/../lib/gcc/arm-none-eabi/5.4.1/../../../../arm-none-eabi/lib\libc_nano.a
LOAD c:/embedded/tools/bin/../lib/gcc/arm-none-eabi/5.4.1/../../../../arm-none-eabi/lib\libnosys.a
END GROUP
START GROUP
LOAD c:/embedded/tools/bin/../lib/gcc/arm-none-eabi/5.4.1\libgcc.a
LOAD c:/embedded/tools/bin/../lib/gcc/arm-none-eabi/5.4.1/../../../../arm-none-eabi/lib\libc_nano.a
LOAD c:/embedded/tools/bin/../lib/gcc/arm-none-eabi/5.4.1/../../../../arm-none-eabi/lib\libnosys.a
END GROUP

.text           0x00000000     0x4f18
 *startup.o(.text)
 .text          0x00000000      0x1bc startup/libea_startup_thumb.a(startup.o)
                0x00000000                _startup
 *(.text)
 .text          0x000001bc      0x750 main.o
                0x000001bc                testMotor
                0x0000022c                adjustMotor
                0x0000028c                init
                0x000004f4                setSongName
                0x00000554                fillBuforWav
                0x00000608                songNameOnLCD
                0x00000684                main
                0x0000087c                openFile
 .text          0x0000090c      0x264 LCD.o
                0x00000938                LcdText
                0x00000a00                writeLCD
                0x00000ad4                lcdBacklight
                0x00000b10                initLCD
 .text          0x00000b70      0x9dc sd.o
                0x00000b70                sdInit
                0x00000c50                sdCommand
                0x00000cfc                sdResp8b
                0x00000d60                sdResp16b
                0x00000db8                sdResp8bError
                0x00000e5c                sdState
                0x00000f64                sd_readSector
                0x000010a0                sd_writeSector
                0x0000115c                listDir
                0x0000147c                filesList
 .text          0x0000154c      0x1a0 spi.o
                0x0000154c                setSpiSpeed
                0x0000158c                initSpi
                0x00001630                my_spiSend
                0x00001674                spiSend
                0x000016b8                send_SPI
 .text          0x000016ec      0x1cc diskio.o
                0x000016ec                disk_initialize
                0x00001720                disk_readp
                0x00001894                disk_writep
 .text          0x000018b8     0x15e4 pff.o
                0x00002334                pf_mount
                0x0000262c                pf_open
                0x00002730                pf_read
                0x00002948                pf_write
                0x00002b8c                pf_lseek
                0x00002cdc                pf_opendir
                0x00002dd8                pf_readdir
 .text          0x00002e9c      0x92c lcd2.o
                0x00002e9c                lcdInit
                0x00002f8c                lcdClrscr
                0x00002ff8                lcdOff
                0x0000301c                lcdColor
                0x00003054                lcdContrast
                0x00003088                lcdRect
                0x00003130                lcdRectBrd
                0x00003248                lcdIcon
                0x00003364                lcdGotoxy
                0x000033ac                lcdWindow
                0x000034b8                lcdData
                0x000035f8                lcdPutchar
                0x0000366c                lcdPuts
                0x00003698                lcdWrcmd
                0x000036bc                lcdWrdata
                0x000036e0                drawMenu
 .text          0x000037c8      0x124 lcd_hw.o
                0x000037c8                sendToLCD
                0x00003868                initSpiForLcd
                0x000038b4                selectLCD
 .text          0x000038ec      0xce4 startup/libea_startup_thumb.a(consol.o)
                0x00003c9c                consolInit
                0x00003d34                consolSendChar
                0x00003d84                consolSendCh
                0x00003dc8                consolSendString
                0x00003e14                consolSendNumber
                0x00004040                simplePrintf
                0x00004080                consolGetCh
                0x000040c4                consolGetChar
                0x00004120                consolGetString
                0x000041d0                consolGetIntNum
                0x00004420                consolScanf
 .text          0x000045d0      0x45c startup/libea_startup_thumb.a(framework.o)
                0x00004724                exceptionHandlerInit
                0x000047b4                lowLevelInit
                0x00004998                printf_init
 .text          0x00004a2c      0x168 irq/irq_handler.a(irq_handler.o)
                0x00004a2c                IRQ_Test
 .text          0x00004b94      0x114 c:/embedded/tools/bin/../lib/gcc/arm-none-eabi/5.4.1\libgcc.a(_udivsi3.o)
                0x00004b94                __aeabi_uidiv
                0x00004b94                __udivsi3
                0x00004c88                __aeabi_uidivmod
 .text          0x00004ca8        0x4 c:/embedded/tools/bin/../lib/gcc/arm-none-eabi/5.4.1\libgcc.a(_dvmd_tls.o)
                0x00004ca8                __aeabi_idiv0
                0x00004ca8                __aeabi_ldiv0
 .text          0x00004cac       0x3c c:/embedded/tools/bin/../lib/gcc/arm-none-eabi/5.4.1\libgcc.a(_aeabi_uldivmod.o)
                0x00004cac                __aeabi_uldivmod
 .text          0x00004ce8       0x20 c:/embedded/tools/bin/../lib/gcc/arm-none-eabi/5.4.1\libgcc.a(_muldi3.o)
                0x00004ce8                __muldi3
                0x00004ce8                __aeabi_lmul
 .text          0x00004d08      0x12c c:/embedded/tools/bin/../lib/gcc/arm-none-eabi/5.4.1\libgcc.a(_udivmoddi4.o)
                0x00004d08                __udivmoddi4
 .text          0x00004e34       0x28 c:/embedded/tools/bin/../lib/gcc/arm-none-eabi/5.4.1\libgcc.a(_clzdi2.o)
                0x00004e34                __clzdi2
 .text          0x00004e5c       0x48 c:/embedded/tools/bin/../lib/gcc/arm-none-eabi/5.4.1\libgcc.a(_clzsi2.o)
                0x00004e5c                __clzsi2
 .text          0x00004ea4        0x0 c:/embedded/tools/bin/../lib/gcc/arm-none-eabi/5.4.1/../../../../arm-none-eabi/lib\libc_nano.a(lib_a-atoi.o)
 .text          0x00004ea4        0x0 c:/embedded/tools/bin/../lib/gcc/arm-none-eabi/5.4.1/../../../../arm-none-eabi/lib\libc_nano.a(lib_a-memcpy-stub.o)
 .text          0x00004ea4        0x0 c:/embedded/tools/bin/../lib/gcc/arm-none-eabi/5.4.1/../../../../arm-none-eabi/lib\libc_nano.a(lib_a-strcpy.o)
 .text          0x00004ea4        0xe c:/embedded/tools/bin/../lib/gcc/arm-none-eabi/5.4.1/../../../../arm-none-eabi/lib\libc_nano.a(lib_a-strlen.o)
                0x00004ea4                strlen
 .text          0x00004eb2        0x0 c:/embedded/tools/bin/../lib/gcc/arm-none-eabi/5.4.1/../../../../arm-none-eabi/lib\libc_nano.a(lib_a-strncat.o)
 .text          0x00004eb2        0x0 c:/embedded/tools/bin/../lib/gcc/arm-none-eabi/5.4.1/../../../../arm-none-eabi/lib\libc_nano.a(lib_a-strncpy.o)
 .text          0x00004eb2        0x0 c:/embedded/tools/bin/../lib/gcc/arm-none-eabi/5.4.1/../../../../arm-none-eabi/lib\libc_nano.a(lib_a-strtol.o)
 .text          0x00004eb2        0x0 c:/embedded/tools/bin/../lib/gcc/arm-none-eabi/5.4.1/../../../../arm-none-eabi/lib\libc_nano.a(lib_a-ctype_.o)
 .text          0x00004eb2        0x0 c:/embedded/tools/bin/../lib/gcc/arm-none-eabi/5.4.1/../../../../arm-none-eabi/lib\libc_nano.a(lib_a-impure.o)
 *fill*         0x00004eb2        0x6 00000000
 .text.__stub   0x00004eb8       0x5c linker stubs
 *(.glue_7)
 .glue_7        0x00004f18        0x0 linker stubs
 *(.glue_7t)
 .glue_7t       0x00004f18        0x0 linker stubs

.vfp11_veneer   0x00004f18        0x0
 .vfp11_veneer  0x00004f18        0x0 linker stubs

.v4_bx          0x00004f18        0x0
 .v4_bx         0x00004f18        0x0 linker stubs

.iplt           0x00004f18        0x0
 .iplt          0x00004f18        0x0 main.o

.text.atoi      0x00004f18       0x18
 .text.atoi     0x00004f18       0x18 c:/embedded/tools/bin/../lib/gcc/arm-none-eabi/5.4.1/../../../../arm-none-eabi/lib\libc_nano.a(lib_a-atoi.o)
                0x00004f18                atoi

.text._atoi_r   0x00004f30       0x18
 .text._atoi_r  0x00004f30       0x18 c:/embedded/tools/bin/../lib/gcc/arm-none-eabi/5.4.1/../../../../arm-none-eabi/lib\libc_nano.a(lib_a-atoi.o)
                0x00004f30                _atoi_r

.text.memcpy    0x00004f48       0x1c
 .text.memcpy   0x00004f48       0x1c c:/embedded/tools/bin/../lib/gcc/arm-none-eabi/5.4.1/../../../../arm-none-eabi/lib\libc_nano.a(lib_a-memcpy-stub.o)
                0x00004f48                memcpy

.text.strcpy    0x00004f64       0x18
 .text.strcpy   0x00004f64       0x18 c:/embedded/tools/bin/../lib/gcc/arm-none-eabi/5.4.1/../../../../arm-none-eabi/lib\libc_nano.a(lib_a-strcpy.o)
                0x00004f64                strcpy

.text.strncat   0x00004f7c       0x48
 .text.strncat  0x00004f7c       0x48 c:/embedded/tools/bin/../lib/gcc/arm-none-eabi/5.4.1/../../../../arm-none-eabi/lib\libc_nano.a(lib_a-strncat.o)
                0x00004f7c                strncat

.text.strncpy   0x00004fc4       0x3c
 .text.strncpy  0x00004fc4       0x3c c:/embedded/tools/bin/../lib/gcc/arm-none-eabi/5.4.1/../../../../arm-none-eabi/lib\libc_nano.a(lib_a-strncpy.o)
                0x00004fc4                strncpy

.text._strtol_r
                0x00005000      0x1b4
 .text._strtol_r
                0x00005000      0x1b4 c:/embedded/tools/bin/../lib/gcc/arm-none-eabi/5.4.1/../../../../arm-none-eabi/lib\libc_nano.a(lib_a-strtol.o)
                0x00005000                _strtol_r

.text.strtol    0x000051b4       0x1c
 .text.strtol   0x000051b4       0x1c c:/embedded/tools/bin/../lib/gcc/arm-none-eabi/5.4.1/../../../../arm-none-eabi/lib\libc_nano.a(lib_a-strtol.o)
                0x000051b4                strtol
                0x000051d0                . = ALIGN (0x4)

.rodata         0x000051d0      0xcd8
 *(.rodata)
 .rodata        0x000051d0      0x158 main.o
 .rodata        0x00005328      0x40b sd.o
 *fill*         0x00005733        0x1 
 .rodata        0x00005734      0x59c lcd2.o
                0x00005734                charMap
 .rodata        0x00005cd0       0x18 startup/libea_startup_thumb.a(consol.o)
 .rodata        0x00005ce8       0xb6 startup/libea_startup_thumb.a(framework.o)
 *(.rodata*)
 .rodata._ctype_
                0x00005d9e      0x101 c:/embedded/tools/bin/../lib/gcc/arm-none-eabi/5.4.1/../../../../arm-none-eabi/lib\libc_nano.a(lib_a-ctype_.o)
                0x00005d9e                _ctype_
 .rodata.str1.1
                0x00005e9f        0x2 c:/embedded/tools/bin/../lib/gcc/arm-none-eabi/5.4.1/../../../../arm-none-eabi/lib\libc_nano.a(lib_a-impure.o)
 *fill*         0x00005ea1        0x3 
 .rodata._global_impure_ptr
                0x00005ea4        0x4 c:/embedded/tools/bin/../lib/gcc/arm-none-eabi/5.4.1/../../../../arm-none-eabi/lib\libc_nano.a(lib_a-impure.o)
                0x00005ea4                _global_impure_ptr

.ARM.extab      0x00005ea8        0x0
 .ARM.extab     0x00005ea8        0x0 c:/embedded/tools/bin/../lib/gcc/arm-none-eabi/5.4.1\libgcc.a(_udivmoddi4.o)

.ARM.exidx      0x00005ea8        0x8
 .ARM.exidx     0x00005ea8        0x8 c:/embedded/tools/bin/../lib/gcc/arm-none-eabi/5.4.1\libgcc.a(_udivmoddi4.o)

.rel.dyn        0x00005eb0        0x0
 .rel.iplt      0x00005eb0        0x0 main.o
                0x00005eb0                . = ALIGN (0x4)
                0x00005eb0                _etext = .
                [!provide]                PROVIDE (etext, .)

.data           0x40000080       0x34 load address 0x00005eb0
                0x40000080                _data = .
 *(.data)
 .data          0x40000080       0x1c main.o
                0x40000080                nazwa
 .data          0x4000009c        0x0 LCD.o
 .data          0x4000009c        0x0 sd.o
 .data          0x4000009c        0x0 spi.o
 .data          0x4000009c        0x2 diskio.o
                0x4000009c                fb_timeout
 .data          0x4000009e        0x0 pff.o
 .data          0x4000009e        0x0 lcd2.o
 .data          0x4000009e        0x0 lcd_hw.o
 *fill*         0x4000009e        0x2 
 .data          0x400000a0       0x10 startup/libea_startup_thumb.a(consol.o)
 .data          0x400000b0        0x0 startup/libea_startup_thumb.a(framework.o)
 .data          0x400000b0        0x0 startup/libea_startup_thumb.a(startup.o)
 .data          0x400000b0        0x4 irq/irq_handler.a(irq_handler.o)
                0x400000b0                cnt
 .data          0x400000b4        0x0 c:/embedded/tools/bin/../lib/gcc/arm-none-eabi/5.4.1\libgcc.a(_udivsi3.o)
 .data          0x400000b4        0x0 c:/embedded/tools/bin/../lib/gcc/arm-none-eabi/5.4.1\libgcc.a(_dvmd_tls.o)
 .data          0x400000b4        0x0 c:/embedded/tools/bin/../lib/gcc/arm-none-eabi/5.4.1\libgcc.a(_aeabi_uldivmod.o)
 .data          0x400000b4        0x0 c:/embedded/tools/bin/../lib/gcc/arm-none-eabi/5.4.1\libgcc.a(_muldi3.o)
 .data          0x400000b4        0x0 c:/embedded/tools/bin/../lib/gcc/arm-none-eabi/5.4.1\libgcc.a(_udivmoddi4.o)
 .data          0x400000b4        0x0 c:/embedded/tools/bin/../lib/gcc/arm-none-eabi/5.4.1\libgcc.a(_clzdi2.o)
 .data          0x400000b4        0x0 c:/embedded/tools/bin/../lib/gcc/arm-none-eabi/5.4.1\libgcc.a(_clzsi2.o)
 .data          0x400000b4        0x0 c:/embedded/tools/bin/../lib/gcc/arm-none-eabi/5.4.1/../../../../arm-none-eabi/lib\libc_nano.a(lib_a-atoi.o)
 .data          0x400000b4        0x0 c:/embedded/tools/bin/../lib/gcc/arm-none-eabi/5.4.1/../../../../arm-none-eabi/lib\libc_nano.a(lib_a-memcpy-stub.o)
 .data          0x400000b4        0x0 c:/embedded/tools/bin/../lib/gcc/arm-none-eabi/5.4.1/../../../../arm-none-eabi/lib\libc_nano.a(lib_a-strcpy.o)
 .data          0x400000b4        0x0 c:/embedded/tools/bin/../lib/gcc/arm-none-eabi/5.4.1/../../../../arm-none-eabi/lib\libc_nano.a(lib_a-strlen.o)
 .data          0x400000b4        0x0 c:/embedded/tools/bin/../lib/gcc/arm-none-eabi/5.4.1/../../../../arm-none-eabi/lib\libc_nano.a(lib_a-strncat.o)
 .data          0x400000b4        0x0 c:/embedded/tools/bin/../lib/gcc/arm-none-eabi/5.4.1/../../../../arm-none-eabi/lib\libc_nano.a(lib_a-strncpy.o)
 .data          0x400000b4        0x0 c:/embedded/tools/bin/../lib/gcc/arm-none-eabi/5.4.1/../../../../arm-none-eabi/lib\libc_nano.a(lib_a-strtol.o)
 .data          0x400000b4        0x0 c:/embedded/tools/bin/../lib/gcc/arm-none-eabi/5.4.1/../../../../arm-none-eabi/lib\libc_nano.a(lib_a-ctype_.o)
 .data          0x400000b4        0x0 c:/embedded/tools/bin/../lib/gcc/arm-none-eabi/5.4.1/../../../../arm-none-eabi/lib\libc_nano.a(lib_a-impure.o)

.igot.plt       0x400000b4        0x0 load address 0x00005ee4
 .igot.plt      0x400000b4        0x0 main.o

.data.__ctype_ptr__
                0x400000b4        0x4 load address 0x00005ee4
 .data.__ctype_ptr__
                0x400000b4        0x4 c:/embedded/tools/bin/../lib/gcc/arm-none-eabi/5.4.1/../../../../arm-none-eabi/lib\libc_nano.a(lib_a-ctype_.o)
                0x400000b4                __ctype_ptr__

.data.impure_data
                0x400000b8       0x60 load address 0x00005ee8
 .data.impure_data
                0x400000b8       0x60 c:/embedded/tools/bin/../lib/gcc/arm-none-eabi/5.4.1/../../../../arm-none-eabi/lib\libc_nano.a(lib_a-impure.o)

.data._impure_ptr
                0x40000118        0x4 load address 0x00005f48
 .data._impure_ptr
                0x40000118        0x4 c:/embedded/tools/bin/../lib/gcc/arm-none-eabi/5.4.1/../../../../arm-none-eabi/lib\libc_nano.a(lib_a-impure.o)
                0x40000118                _impure_ptr
                0x4000011c                . = ALIGN (0x4)
                0x4000011c                _edata = .
                [!provide]                PROVIDE (edata, .)

.bss            0x4000011c     0x6094 load address 0x00005f4c
                0x4000011c                _bss = .
                0x4000011c                __bss_start = .
                0x4000011c                __bss_start__ = .
 *(.bss)
 .bss           0x4000011c        0xe main.o
                0x4000011c                buforFlag
                0x40000120                titleIndex
                0x40000124                isMusicPlaying
 .bss           0x4000012a        0x0 LCD.o
 .bss           0x4000012a        0x0 sd.o
 .bss           0x4000012a        0x0 spi.o
 .bss           0x4000012a        0x0 diskio.o
 *fill*         0x4000012a        0x2 
 .bss           0x4000012c        0x4 pff.o
 .bss           0x40000130        0x5 lcd2.o
 .bss           0x40000135        0x0 lcd_hw.o
 .bss           0x40000135        0x0 startup/libea_startup_thumb.a(consol.o)
 .bss           0x40000135        0x0 startup/libea_startup_thumb.a(framework.o)
 .bss           0x40000135        0x0 startup/libea_startup_thumb.a(startup.o)
 *fill*         0x40000135        0x3 
 .bss           0x40000138        0x4 irq/irq_handler.a(irq_handler.o)
                0x40000138                fillBufor
 .bss           0x4000013c        0x0 c:/embedded/tools/bin/../lib/gcc/arm-none-eabi/5.4.1\libgcc.a(_udivsi3.o)
 .bss           0x4000013c        0x0 c:/embedded/tools/bin/../lib/gcc/arm-none-eabi/5.4.1\libgcc.a(_dvmd_tls.o)
 .bss           0x4000013c        0x0 c:/embedded/tools/bin/../lib/gcc/arm-none-eabi/5.4.1\libgcc.a(_aeabi_uldivmod.o)
 .bss           0x4000013c        0x0 c:/embedded/tools/bin/../lib/gcc/arm-none-eabi/5.4.1\libgcc.a(_muldi3.o)
 .bss           0x4000013c        0x0 c:/embedded/tools/bin/../lib/gcc/arm-none-eabi/5.4.1\libgcc.a(_udivmoddi4.o)
 .bss           0x4000013c        0x0 c:/embedded/tools/bin/../lib/gcc/arm-none-eabi/5.4.1\libgcc.a(_clzdi2.o)
 .bss           0x4000013c        0x0 c:/embedded/tools/bin/../lib/gcc/arm-none-eabi/5.4.1\libgcc.a(_clzsi2.o)
 .bss           0x4000013c        0x0 c:/embedded/tools/bin/../lib/gcc/arm-none-eabi/5.4.1/../../../../arm-none-eabi/lib\libc_nano.a(lib_a-atoi.o)
 .bss           0x4000013c        0x0 c:/embedded/tools/bin/../lib/gcc/arm-none-eabi/5.4.1/../../../../arm-none-eabi/lib\libc_nano.a(lib_a-memcpy-stub.o)
 .bss           0x4000013c        0x0 c:/embedded/tools/bin/../lib/gcc/arm-none-eabi/5.4.1/../../../../arm-none-eabi/lib\libc_nano.a(lib_a-strcpy.o)
 .bss           0x4000013c        0x0 c:/embedded/tools/bin/../lib/gcc/arm-none-eabi/5.4.1/../../../../arm-none-eabi/lib\libc_nano.a(lib_a-strlen.o)
 .bss           0x4000013c        0x0 c:/embedded/tools/bin/../lib/gcc/arm-none-eabi/5.4.1/../../../../arm-none-eabi/lib\libc_nano.a(lib_a-strncat.o)
 .bss           0x4000013c        0x0 c:/embedded/tools/bin/../lib/gcc/arm-none-eabi/5.4.1/../../../../arm-none-eabi/lib\libc_nano.a(lib_a-strncpy.o)
 .bss           0x4000013c        0x0 c:/embedded/tools/bin/../lib/gcc/arm-none-eabi/5.4.1/../../../../arm-none-eabi/lib\libc_nano.a(lib_a-strtol.o)
 .bss           0x4000013c        0x0 c:/embedded/tools/bin/../lib/gcc/arm-none-eabi/5.4.1/../../../../arm-none-eabi/lib\libc_nano.a(lib_a-ctype_.o)
 .bss           0x4000013c        0x0 c:/embedded/tools/bin/../lib/gcc/arm-none-eabi/5.4.1/../../../../arm-none-eabi/lib\libc_nano.a(lib_a-impure.o)
 *(COMMON)
 COMMON         0x4000013c     0x5e3c main.o
                0x4000013c                rc
                0x40000140                data_buffer_32
                0x40000340                br
                0x40000344                filesCount
                0x40000348                soundBufor0
                0x40002b48                soundBufor1
                0x40005348                pliki
                0x40005f48                fatfs
 COMMON         0x40005f78        0x2 sd.o
                0x40005f78                resp16
 *fill*         0x40005f7a        0x2 
 COMMON         0x40005f7c       0x10 diskio.o
                0x40005f7c                firstblock
                0x40005f80                i
                0x40005f84                c
                0x40005f85                cardresp
                0x40005f88                place
 COMMON         0x40005f8c       0x19 pff.o
                0x40005f8c                fs
                0x40005f90                remain
                0x40005f94                clst
                0x40005f98                rcnt
                0x40005f9c                sect
                0x40005fa0                rbuff
                0x40005fa4                dr
 *fill*         0x40005fa5        0x3 
 COMMON         0x40005fa8        0x8 startup/libea_startup_thumb.a(framework.o)
                0x40005fa8                pHeapEnd
                0x40005fac                pHeapStart
 COMMON         0x40005fb0      0x200 irq/irq_handler.a(irq_handler.o)
                0x40005fb0                read_wynik
                0x400061b0                . = ALIGN (0x4)
                0x400061b0                . = ALIGN (0x4)
                0x400061b0                __bss_end = .
                0x400061b0                __bss_end__ = .
                0x400061b0                _end = .
                0x400061b0                PROVIDE (end, .)

.stab           0x00000000      0x3b4
 *(.stab)
 .stab          0x00000000      0x3b4 startup/libea_startup_thumb.a(startup.o)

.stabstr        0x00000000       0x51
 *(.stabstr)
 .stabstr       0x00000000       0x51 startup/libea_startup_thumb.a(startup.o)

.stab.excl
 *(.stab.excl)

.stab.exclstr
 *(.stab.exclstr)

.stab.index
 *(.stab.index)

.stab.indexstr
 *(.stab.indexstr)

.comment        0x00000000       0x6e
 *(.comment)
 .comment       0x00000000       0x6e main.o
                                 0x6f (size before relaxing)
 .comment       0x0000006e       0x6f LCD.o
 .comment       0x0000006e       0x6f sd.o
 .comment       0x0000006e       0x6f spi.o
 .comment       0x0000006e       0x6f diskio.o
 .comment       0x0000006e       0x6f pff.o
 .comment       0x0000006e       0x6f lcd2.o
 .comment       0x0000006e       0x6f lcd_hw.o
 .comment       0x0000006e       0x6f startup/libea_startup_thumb.a(consol.o)
 .comment       0x0000006e       0x6f startup/libea_startup_thumb.a(framework.o)
 .comment       0x0000006e       0x6f irq/irq_handler.a(irq_handler.o)

.ARM.attributes
                0x00000000       0x2e
 .ARM.attributes
                0x00000000       0x30 main.o
 .ARM.attributes
                0x00000030       0x30 LCD.o
 .ARM.attributes
                0x00000060       0x30 sd.o
 .ARM.attributes
                0x00000090       0x30 spi.o
 .ARM.attributes
                0x000000c0       0x30 diskio.o
 .ARM.attributes
                0x000000f0       0x30 pff.o
 .ARM.attributes
                0x00000120       0x30 lcd2.o
 .ARM.attributes
                0x00000150       0x30 lcd_hw.o
 .ARM.attributes
                0x00000180       0x30 startup/libea_startup_thumb.a(consol.o)
 .ARM.attributes
                0x000001b0       0x30 startup/libea_startup_thumb.a(framework.o)
 .ARM.attributes
                0x000001e0       0x20 startup/libea_startup_thumb.a(startup.o)
 .ARM.attributes
                0x00000200       0x30 irq/irq_handler.a(irq_handler.o)
 .ARM.attributes
                0x00000230       0x18 c:/embedded/tools/bin/../lib/gcc/arm-none-eabi/5.4.1\libgcc.a(_udivsi3.o)
 .ARM.attributes
                0x00000248       0x18 c:/embedded/tools/bin/../lib/gcc/arm-none-eabi/5.4.1\libgcc.a(_dvmd_tls.o)
 .ARM.attributes
                0x00000260       0x18 c:/embedded/tools/bin/../lib/gcc/arm-none-eabi/5.4.1\libgcc.a(_aeabi_uldivmod.o)
 .ARM.attributes
                0x00000278       0x30 c:/embedded/tools/bin/../lib/gcc/arm-none-eabi/5.4.1\libgcc.a(_muldi3.o)
 .ARM.attributes
                0x000002a8       0x30 c:/embedded/tools/bin/../lib/gcc/arm-none-eabi/5.4.1\libgcc.a(_udivmoddi4.o)
 .ARM.attributes
                0x000002d8       0x18 c:/embedded/tools/bin/../lib/gcc/arm-none-eabi/5.4.1\libgcc.a(_clzdi2.o)
 .ARM.attributes
                0x000002f0       0x18 c:/embedded/tools/bin/../lib/gcc/arm-none-eabi/5.4.1\libgcc.a(_clzsi2.o)
 .ARM.attributes
                0x00000308       0x30 c:/embedded/tools/bin/../lib/gcc/arm-none-eabi/5.4.1/../../../../arm-none-eabi/lib\libc_nano.a(lib_a-atoi.o)
 .ARM.attributes
                0x00000338       0x30 c:/embedded/tools/bin/../lib/gcc/arm-none-eabi/5.4.1/../../../../arm-none-eabi/lib\libc_nano.a(lib_a-memcpy-stub.o)
 .ARM.attributes
                0x00000368       0x30 c:/embedded/tools/bin/../lib/gcc/arm-none-eabi/5.4.1/../../../../arm-none-eabi/lib\libc_nano.a(lib_a-strcpy.o)
 .ARM.attributes
                0x00000398       0x1c c:/embedded/tools/bin/../lib/gcc/arm-none-eabi/5.4.1/../../../../arm-none-eabi/lib\libc_nano.a(lib_a-strlen.o)
 .ARM.attributes
                0x000003b4       0x30 c:/embedded/tools/bin/../lib/gcc/arm-none-eabi/5.4.1/../../../../arm-none-eabi/lib\libc_nano.a(lib_a-strncat.o)
 .ARM.attributes
                0x000003e4       0x30 c:/embedded/tools/bin/../lib/gcc/arm-none-eabi/5.4.1/../../../../arm-none-eabi/lib\libc_nano.a(lib_a-strncpy.o)
 .ARM.attributes
                0x00000414       0x30 c:/embedded/tools/bin/../lib/gcc/arm-none-eabi/5.4.1/../../../../arm-none-eabi/lib\libc_nano.a(lib_a-strtol.o)
 .ARM.attributes
                0x00000444       0x30 c:/embedded/tools/bin/../lib/gcc/arm-none-eabi/5.4.1/../../../../arm-none-eabi/lib\libc_nano.a(lib_a-ctype_.o)
 .ARM.attributes
                0x00000474       0x30 c:/embedded/tools/bin/../lib/gcc/arm-none-eabi/5.4.1/../../../../arm-none-eabi/lib\libc_nano.a(lib_a-impure.o)

.debug
 *(.debug)

.line
 *(.line)

.debug_srcinfo
 *(.debug_srcinfo)

.debug_sfnames
 *(.debug_sfnames)

.debug_aranges
 *(.debug_aranges)

.debug_pubnames
 *(.debug_pubnames)

.debug_info
 *(.debug_info .gnu.linkonce.wi.*)

.debug_abbrev
 *(.debug_abbrev)

.debug_line
 *(.debug_line)

.debug_frame    0x00000000      0x1ec
 *(.debug_frame)
 .debug_frame   0x00000000       0x20 c:/embedded/tools/bin/../lib/gcc/arm-none-eabi/5.4.1\libgcc.a(_udivsi3.o)
 .debug_frame   0x00000020       0x2c c:/embedded/tools/bin/../lib/gcc/arm-none-eabi/5.4.1\libgcc.a(_aeabi_uldivmod.o)
 .debug_frame   0x0000004c       0x2c c:/embedded/tools/bin/../lib/gcc/arm-none-eabi/5.4.1\libgcc.a(_muldi3.o)
 .debug_frame   0x00000078       0x48 c:/embedded/tools/bin/../lib/gcc/arm-none-eabi/5.4.1\libgcc.a(_udivmoddi4.o)
 .debug_frame   0x000000c0       0x48 c:/embedded/tools/bin/../lib/gcc/arm-none-eabi/5.4.1/../../../../arm-none-eabi/lib\libc_nano.a(lib_a-atoi.o)
 .debug_frame   0x00000108       0x20 c:/embedded/tools/bin/../lib/gcc/arm-none-eabi/5.4.1/../../../../arm-none-eabi/lib\libc_nano.a(lib_a-memcpy-stub.o)
 .debug_frame   0x00000128       0x20 c:/embedded/tools/bin/../lib/gcc/arm-none-eabi/5.4.1/../../../../arm-none-eabi/lib\libc_nano.a(lib_a-strcpy.o)
 .debug_frame   0x00000148       0x2c c:/embedded/tools/bin/../lib/gcc/arm-none-eabi/5.4.1/../../../../arm-none-eabi/lib\libc_nano.a(lib_a-strncat.o)
 .debug_frame   0x00000174       0x20 c:/embedded/tools/bin/../lib/gcc/arm-none-eabi/5.4.1/../../../../arm-none-eabi/lib\libc_nano.a(lib_a-strncpy.o)
 .debug_frame   0x00000194       0x58 c:/embedded/tools/bin/../lib/gcc/arm-none-eabi/5.4.1/../../../../arm-none-eabi/lib\libc_nano.a(lib_a-strtol.o)

.debug_str
 *(.debug_str)

.debug_loc
 *(.debug_loc)

.debug_macinfo
 *(.debug_macinfo)

.debug_weaknames
 *(.debug_weaknames)

.debug_funcnames
 *(.debug_funcnames)

.debug_typenames
 *(.debug_typenames)

.debug_varnames
 *(.debug_varnames)
OUTPUT(OdtwarzaczWAV.elf elf32-littlearm)

Cross Reference Table

Symbol                                            File
IRQ_Test                                          irq/irq_handler.a(irq_handler.o)
                                                  main.o
LcdText                                           LCD.o
                                                  main.o
__aeabi_idiv0                                     c:/embedded/tools/bin/../lib/gcc/arm-none-eabi/5.4.1\libgcc.a(_dvmd_tls.o)
                                                  c:/embedded/tools/bin/../lib/gcc/arm-none-eabi/5.4.1\libgcc.a(_udivsi3.o)
__aeabi_ldiv0                                     c:/embedded/tools/bin/../lib/gcc/arm-none-eabi/5.4.1\libgcc.a(_dvmd_tls.o)
                                                  c:/embedded/tools/bin/../lib/gcc/arm-none-eabi/5.4.1\libgcc.a(_aeabi_uldivmod.o)
__aeabi_lmul                                      c:/embedded/tools/bin/../lib/gcc/arm-none-eabi/5.4.1\libgcc.a(_muldi3.o)
                                                  main.o
__aeabi_uidiv                                     c:/embedded/tools/bin/../lib/gcc/arm-none-eabi/5.4.1\libgcc.a(_udivsi3.o)
                                                  c:/embedded/tools/bin/../lib/gcc/arm-none-eabi/5.4.1/../../../../arm-none-eabi/lib\libc_nano.a(lib_a-strtol.o)
                                                  startup/libea_startup_thumb.a(consol.o)
                                                  pff.o
__aeabi_uidivmod                                  c:/embedded/tools/bin/../lib/gcc/arm-none-eabi/5.4.1\libgcc.a(_udivsi3.o)
                                                  c:/embedded/tools/bin/../lib/gcc/arm-none-eabi/5.4.1/../../../../arm-none-eabi/lib\libc_nano.a(lib_a-strtol.o)
                                                  startup/libea_startup_thumb.a(consol.o)
                                                  pff.o
__aeabi_uldivmod                                  c:/embedded/tools/bin/../lib/gcc/arm-none-eabi/5.4.1\libgcc.a(_aeabi_uldivmod.o)
                                                  main.o
__bss_end__                                       startup/libea_startup_thumb.a(startup.o)
__bss_start__                                     startup/libea_startup_thumb.a(startup.o)
__clzdi2                                          c:/embedded/tools/bin/../lib/gcc/arm-none-eabi/5.4.1\libgcc.a(_clzdi2.o)
                                                  c:/embedded/tools/bin/../lib/gcc/arm-none-eabi/5.4.1\libgcc.a(_udivmoddi4.o)
__clzsi2                                          c:/embedded/tools/bin/../lib/gcc/arm-none-eabi/5.4.1\libgcc.a(_clzsi2.o)
                                                  c:/embedded/tools/bin/../lib/gcc/arm-none-eabi/5.4.1\libgcc.a(_clzdi2.o)
__ctype_ptr__                                     c:/embedded/tools/bin/../lib/gcc/arm-none-eabi/5.4.1/../../../../arm-none-eabi/lib\libc_nano.a(lib_a-ctype_.o)
                                                  c:/embedded/tools/bin/../lib/gcc/arm-none-eabi/5.4.1/../../../../arm-none-eabi/lib\libc_nano.a(lib_a-strtol.o)
__muldi3                                          c:/embedded/tools/bin/../lib/gcc/arm-none-eabi/5.4.1\libgcc.a(_muldi3.o)
__sf_fake_stderr                                  c:/embedded/tools/bin/../lib/gcc/arm-none-eabi/5.4.1/../../../../arm-none-eabi/lib\libc_nano.a(lib_a-impure.o)
__sf_fake_stdin                                   c:/embedded/tools/bin/../lib/gcc/arm-none-eabi/5.4.1/../../../../arm-none-eabi/lib\libc_nano.a(lib_a-impure.o)
__sf_fake_stdout                                  c:/embedded/tools/bin/../lib/gcc/arm-none-eabi/5.4.1/../../../../arm-none-eabi/lib\libc_nano.a(lib_a-impure.o)
__udivmoddi4                                      c:/embedded/tools/bin/../lib/gcc/arm-none-eabi/5.4.1\libgcc.a(_udivmoddi4.o)
                                                  c:/embedded/tools/bin/../lib/gcc/arm-none-eabi/5.4.1\libgcc.a(_aeabi_uldivmod.o)
__udivsi3                                         c:/embedded/tools/bin/../lib/gcc/arm-none-eabi/5.4.1\libgcc.a(_udivsi3.o)
_atoi_r                                           c:/embedded/tools/bin/../lib/gcc/arm-none-eabi/5.4.1/../../../../arm-none-eabi/lib\libc_nano.a(lib_a-atoi.o)
_ctype_                                           c:/embedded/tools/bin/../lib/gcc/arm-none-eabi/5.4.1/../../../../arm-none-eabi/lib\libc_nano.a(lib_a-ctype_.o)
_data                                             startup/libea_startup_thumb.a(startup.o)
_edata                                            startup/libea_startup_thumb.a(startup.o)
_etext                                            startup/libea_startup_thumb.a(startup.o)
_global_impure_ptr                                c:/embedded/tools/bin/../lib/gcc/arm-none-eabi/5.4.1/../../../../arm-none-eabi/lib\libc_nano.a(lib_a-impure.o)
_impure_ptr                                       c:/embedded/tools/bin/../lib/gcc/arm-none-eabi/5.4.1/../../../../arm-none-eabi/lib\libc_nano.a(lib_a-impure.o)
                                                  c:/embedded/tools/bin/../lib/gcc/arm-none-eabi/5.4.1/../../../../arm-none-eabi/lib\libc_nano.a(lib_a-strtol.o)
_startup                                          startup/libea_startup_thumb.a(startup.o)
_strtol_r                                         c:/embedded/tools/bin/../lib/gcc/arm-none-eabi/5.4.1/../../../../arm-none-eabi/lib\libc_nano.a(lib_a-strtol.o)
                                                  c:/embedded/tools/bin/../lib/gcc/arm-none-eabi/5.4.1/../../../../arm-none-eabi/lib\libc_nano.a(lib_a-atoi.o)
adjustMotor                                       main.o
atoi                                              c:/embedded/tools/bin/../lib/gcc/arm-none-eabi/5.4.1/../../../../arm-none-eabi/lib\libc_nano.a(lib_a-atoi.o)
                                                  startup/libea_startup_thumb.a(consol.o)
br                                                main.o
buforFlag                                         main.o
                                                  irq/irq_handler.a(irq_handler.o)
c                                                 diskio.o
cardresp                                          diskio.o
charMap                                           lcd2.o
clst                                              pff.o
cnt                                               irq/irq_handler.a(irq_handler.o)
consolGetCh                                       startup/libea_startup_thumb.a(consol.o)
consolGetChar                                     startup/libea_startup_thumb.a(consol.o)
consolGetIntNum                                   startup/libea_startup_thumb.a(consol.o)
consolGetString                                   startup/libea_startup_thumb.a(consol.o)
consolInit                                        startup/libea_startup_thumb.a(consol.o)
                                                  startup/libea_startup_thumb.a(framework.o)
consolScanf                                       startup/libea_startup_thumb.a(consol.o)
consolSendCh                                      startup/libea_startup_thumb.a(consol.o)
consolSendChar                                    startup/libea_startup_thumb.a(consol.o)
consolSendNumber                                  startup/libea_startup_thumb.a(consol.o)
                                                  startup/libea_startup_thumb.a(framework.o)
consolSendString                                  startup/libea_startup_thumb.a(consol.o)
                                                  startup/libea_startup_thumb.a(framework.o)
data_buffer_32                                    main.o
disk_initialize                                   diskio.o
                                                  pff.o
disk_readp                                        diskio.o
                                                  pff.o
disk_writep                                       diskio.o
                                                  pff.o
dr                                                pff.o
drawMenu                                          lcd2.o
                                                  main.o
end                                               startup/libea_startup_thumb.a(framework.o)
exceptionHandlerInit                              startup/libea_startup_thumb.a(framework.o)
                                                  startup/libea_startup_thumb.a(startup.o)
fatfs                                             main.o
fb_timeout                                        diskio.o
filesCount                                        main.o
filesList                                         sd.o
                                                  main.o
fillBufor                                         irq/irq_handler.a(irq_handler.o)
                                                  main.o
fillBuforWav                                      main.o
firstblock                                        diskio.o
fs                                                pff.o
i                                                 diskio.o
init                                              main.o
initLCD                                           LCD.o
                                                  main.o
initSpi                                           spi.o
                                                  diskio.o
                                                  main.o
initSpiForLcd                                     lcd_hw.o
                                                  lcd2.o
isMusicPlaying                                    main.o
lcdBacklight                                      LCD.o
lcdClrscr                                         lcd2.o
lcdColor                                          lcd2.o
lcdContrast                                       lcd2.o
lcdData                                           lcd2.o
lcdGotoxy                                         lcd2.o
lcdIcon                                           lcd2.o
lcdInit                                           lcd2.o
                                                  main.o
lcdOff                                            lcd2.o
lcdPutchar                                        lcd2.o
lcdPuts                                           lcd2.o
lcdRect                                           lcd2.o
lcdRectBrd                                        lcd2.o
lcdWindow                                         lcd2.o
lcdWrcmd                                          lcd2.o
lcdWrdata                                         lcd2.o
listDir                                           sd.o
                                                  main.o
lowLevelInit                                      startup/libea_startup_thumb.a(framework.o)
                                                  startup/libea_startup_thumb.a(startup.o)
main                                              main.o
                                                  startup/libea_startup_thumb.a(startup.o)
memcpy                                            c:/embedded/tools/bin/../lib/gcc/arm-none-eabi/5.4.1/../../../../arm-none-eabi/lib\libc_nano.a(lib_a-memcpy-stub.o)
                                                  sd.o
my_spiSend                                        spi.o
nazwa                                             main.o
openFile                                          main.o
pHeapEnd                                          startup/libea_startup_thumb.a(framework.o)
pHeapStart                                        startup/libea_startup_thumb.a(framework.o)
pf_lseek                                          pff.o
pf_mount                                          pff.o
                                                  main.o
pf_open                                           pff.o
                                                  main.o
pf_opendir                                        pff.o
                                                  sd.o
pf_read                                           pff.o
                                                  main.o
pf_readdir                                        pff.o
                                                  sd.o
pf_write                                          pff.o
place                                             diskio.o
pliki                                             main.o
printf_init                                       startup/libea_startup_thumb.a(framework.o)
                                                  main.o
rbuff                                             pff.o
rc                                                main.o
rcnt                                              pff.o
read_wynik                                        irq/irq_handler.a(irq_handler.o)
remain                                            pff.o
resp16                                            sd.o
sdCommand                                         sd.o
                                                  diskio.o
sdInit                                            sd.o
                                                  diskio.o
                                                  main.o
sdResp16b                                         sd.o
sdResp8b                                          sd.o
                                                  diskio.o
sdResp8bError                                     sd.o
                                                  diskio.o
sdState                                           sd.o
                                                  diskio.o
sd_readSector                                     sd.o
sd_writeSector                                    sd.o
sect                                              pff.o
selectLCD                                         lcd_hw.o
                                                  lcd2.o
sendToLCD                                         lcd_hw.o
                                                  lcd2.o
send_SPI                                          spi.o
setSongName                                       main.o
setSpiSpeed                                       spi.o
                                                  diskio.o
simplePrintf                                      startup/libea_startup_thumb.a(consol.o)
                                                  sd.o
                                                  main.o
songNameOnLCD                                     main.o
soundBufor0                                       main.o
                                                  irq/irq_handler.a(irq_handler.o)
soundBufor1                                       main.o
                                                  irq/irq_handler.a(irq_handler.o)
spiSend                                           spi.o
                                                  diskio.o
                                                  sd.o
strcpy                                            c:/embedded/tools/bin/../lib/gcc/arm-none-eabi/5.4.1/../../../../arm-none-eabi/lib\libc_nano.a(lib_a-strcpy.o)
                                                  sd.o
strlen                                            c:/embedded/tools/bin/../lib/gcc/arm-none-eabi/5.4.1/../../../../arm-none-eabi/lib\libc_nano.a(lib_a-strlen.o)
                                                  startup/libea_startup_thumb.a(consol.o)
                                                  sd.o
strncat                                           c:/embedded/tools/bin/../lib/gcc/arm-none-eabi/5.4.1/../../../../arm-none-eabi/lib\libc_nano.a(lib_a-strncat.o)
                                                  sd.o
strncpy                                           c:/embedded/tools/bin/../lib/gcc/arm-none-eabi/5.4.1/../../../../arm-none-eabi/lib\libc_nano.a(lib_a-strncpy.o)
                                                  sd.o
strtol                                            c:/embedded/tools/bin/../lib/gcc/arm-none-eabi/5.4.1/../../../../arm-none-eabi/lib\libc_nano.a(lib_a-strtol.o)
                                                  c:/embedded/tools/bin/../lib/gcc/arm-none-eabi/5.4.1/../../../../arm-none-eabi/lib\libc_nano.a(lib_a-atoi.o)
testMotor                                         main.o
titleIndex                                        main.o
writeLCD                                          LCD.o
