Archive member included because of file (symbol)

irq/irq_code.a(irq_timer1.o)  testLedMatrix.o (ledMatrix)
irq/irq_code.a(irqUart.o)     uart.o (uart1ISR)
../startup/libea_startup_thumb.a(consol.o)
                              testAdc.o (consolSendNumber)
../startup/libea_startup_thumb.a(framework.o)
                              main.o (eaInit)
../startup/libea_startup_thumb.a(startup.o)
                              (_startup)
../pre_emptive_os/pre_emptive_os.a(kernel.o)
                              main.o (osInit)
../pre_emptive_os/pre_emptive_os.a(prioqueue.o)
                              ../pre_emptive_os/pre_emptive_os.a(kernel.o) (initPrioQueue)
../pre_emptive_os/pre_emptive_os.a(timer.o)
                              ../pre_emptive_os/pre_emptive_os.a(kernel.o) (timerTick)
../pre_emptive_os/pre_emptive_os.a(stack_usage.o)
                              ../pre_emptive_os/pre_emptive_os.a(kernel.o) (createStackPattern)
../pre_emptive_os/pre_emptive_os.a(a7hal.o)
                              ../pre_emptive_os/pre_emptive_os.a(kernel.o) (stkFrameInit_oshal)
../pre_emptive_os/pre_emptive_os.a(a7hal_a.o)
                              ../pre_emptive_os/pre_emptive_os.a(kernel.o) (startHighProc_oshal)
../pre_emptive_os/pre_emptive_os.a(count_sem.o)
                              ../pre_emptive_os/pre_emptive_os.a(timer.o) (osSemInit)
../pre_emptive_os/pre_emptive_os.a(event.o)
                              ../pre_emptive_os/pre_emptive_os.a(count_sem.o) (eventInit)
usb/libusb.a(LPC_USB.o)       main.o (USB_Init)
usb/libusb.a(LPC_HID.o)       main.o (HID_SendReport)
/cygdrive/c/Embedded/GNUARM/bin/../lib/gcc/arm-elf/4.1.1/interwork/libgcc.a(_udivsi3.o)
                              ../startup/libea_startup_thumb.a(consol.o) (__udivsi3)
/cygdrive/c/Embedded/GNUARM/bin/../lib/gcc/arm-elf/4.1.1/interwork/libgcc.a(_divsi3.o)
                              ../pre_emptive_os/pre_emptive_os.a(stack_usage.o) (__divsi3)
/cygdrive/c/Embedded/GNUARM/bin/../lib/gcc/arm-elf/4.1.1/interwork/libgcc.a(_umodsi3.o)
                              ../startup/libea_startup_thumb.a(consol.o) (__umodsi3)
/cygdrive/c/Embedded/GNUARM/bin/../lib/gcc/arm-elf/4.1.1/interwork/libgcc.a(_dvmd_tls.o)
                              /cygdrive/c/Embedded/GNUARM/bin/../lib/gcc/arm-elf/4.1.1/interwork/libgcc.a(_udivsi3.o) (__div0)
/cygdrive/c/Embedded/GNUARM/bin/../lib/gcc/arm-elf/4.1.1/interwork/libgcc.a(_call_via_rX.o)
                              ../pre_emptive_os/pre_emptive_os.a(timer.o) (_call_via_r4)
/cygdrive/c/Embedded/GNUARM/bin/../lib/gcc/arm-elf/4.1.1/../../../../arm-elf/lib/interwork/libc.a(atoi.o)
                              ../startup/libea_startup_thumb.a(consol.o) (atoi)
/cygdrive/c/Embedded/GNUARM/bin/../lib/gcc/arm-elf/4.1.1/../../../../arm-elf/lib/interwork/libc.a(memcpy.o)
                              testI2C.o (memcpy)
/cygdrive/c/Embedded/GNUARM/bin/../lib/gcc/arm-elf/4.1.1/../../../../arm-elf/lib/interwork/libc.a(strlen.o)
                              testI2C.o (strlen)
/cygdrive/c/Embedded/GNUARM/bin/../lib/gcc/arm-elf/4.1.1/../../../../arm-elf/lib/interwork/libc.a(strtol.o)
                              /cygdrive/c/Embedded/GNUARM/bin/../lib/gcc/arm-elf/4.1.1/../../../../arm-elf/lib/interwork/libc.a(atoi.o) (_strtol_r)
/cygdrive/c/Embedded/GNUARM/bin/../lib/gcc/arm-elf/4.1.1/../../../../arm-elf/lib/interwork/libc.a(ctype_.o)
                              /cygdrive/c/Embedded/GNUARM/bin/../lib/gcc/arm-elf/4.1.1/../../../../arm-elf/lib/interwork/libc.a(strtol.o) (__ctype_ptr)
/cygdrive/c/Embedded/GNUARM/bin/../lib/gcc/arm-elf/4.1.1/../../../../arm-elf/lib/interwork/libc.a(impure.o)
                              /cygdrive/c/Embedded/GNUARM/bin/../lib/gcc/arm-elf/4.1.1/../../../../arm-elf/lib/interwork/libc.a(strtol.o) (_impure_ptr)

Allocating common symbols
Common symbol       size              file

IntrCallback        0x4               usb/libusb.a(LPC_USB.o)
uart1RxBuf          0x40              uart.o
xbeePresent         0x1               main.o
currentConfiguration
                    0x1               usb/libusb.a(LPC_HID.o)
pHeapEnd            0x4               ../startup/libea_startup_thumb.a(framework.o)
currentAddress      0x1               usb/libusb.a(LPC_HID.o)
pHeapStart          0x4               ../startup/libea_startup_thumb.a(framework.o)
uart1TxBuf          0x40              uart.o
processControlBlocks
                    0xf0              ../pre_emptive_os/pre_emptive_os.a(kernel.o)

Discarded input sections

 .stabstr       0x00000000        0x0 ../startup/libea_startup_thumb.a(startup.o)
 .stabstr       0x00000000        0x0 ../pre_emptive_os/pre_emptive_os.a(a7hal_a.o)

Memory Configuration

Name             Origin             Length             Attributes
FLASH            0x00000000         0x00080000         xr
RAM              0x40000000         0x00008000         rw
*default*        0x00000000         0xffffffff

Linker script and memory map

LOAD main.o
LOAD eeprom.o
LOAD i2c.o
LOAD uart.o
LOAD testLedMatrix.o
LOAD testLcd.o
LOAD testMotor.o
LOAD testRGB.o
LOAD testI2C.o
LOAD testAdc.o
LOAD testXBee.o
LOAD startupSound.o
LOAD irq/irq_code.a
LOAD ../startup/libea_startup_thumb.a
LOAD ../pre_emptive_os/pre_emptive_os.a
LOAD usb/libusb.a
START GROUP
LOAD /cygdrive/c/Embedded/GNUARM/bin/../lib/gcc/arm-elf/4.1.1/interwork/libgcc.a
LOAD /cygdrive/c/Embedded/GNUARM/bin/../lib/gcc/arm-elf/4.1.1/../../../../arm-elf/lib/interwork/libc.a
END GROUP

.text           0x00000000     0x4658
 *startup.o(.text)
 .text          0x00000000      0x1d8 ../startup/libea_startup_thumb.a(startup.o)
                0x00000000                _startup
 *(.text)
 .text          0x000001d8      0x3b4 main.o
                0x000001d8                appTick
                0x000001e8                main
 .text          0x0000058c      0x23c eeprom.o
                0x000006dc                lm75Read
                0x0000058c                eepromWrite
                0x000005f8                eepromPoll
                0x00000750                eepromPageRead
                0x00000644                eepromStartRead
 .text          0x000007c8      0x39c i2c.o
                0x000007e0                i2cInit
                0x00000a24                i2cRead
                0x00000950                i2cWriteWithWait
                0x0000082c                i2cStart
                0x00000878                i2cStop
                0x000007c8                i2cCheckStatus
                0x000008cc                i2cGetChar
                0x000009d8                i2cRepeatStart
                0x00000ac4                i2cWrite
                0x00000924                i2cWaitTransmit
                0x00000980                i2cMyWrite
                0x000008a0                i2cPutChar
 .text          0x00000b64      0x204 uart.o
                0x00000c88                uart1SendChar
                0x00000d0c                uart1SendChars
                0x00000d50                uart1SendString
                0x00000d34                uart1SendCh
                0x00000b64                initUart1
                0x00000c3c                uart1GetChar
                0x00000c6c                uart1GetCh
 .text          0x00000d68       0xdc testLedMatrix.o
                0x00000d68                testLedMatrix
 .text          0x00000e44      0x378 testLcd.o
                0x00000ef4                testLcd
 .text          0x000011bc       0x94 testMotor.o
                0x000011bc                testMotor
 .text          0x00001250      0x124 testRGB.o
                0x00001250                testRGB
 .text          0x00001374      0x2b4 testI2C.o
                0x00001374                testEEPROM
                0x00001484                testI2C
 .text          0x00001628      0x2b4 testAdc.o
                0x00001660                testAdc
 .text          0x000018dc      0x154 testXBee.o
                0x000018dc                testXBee
 .text          0x00001a30        0x0 startupSound.o
 .text          0x00001a30      0x124 irq/irq_code.a(irq_timer1.o)
                0x00001a30                send_SPI
                0x00001ac4                ledMatrix
 .text          0x00001b54      0x1e4 irq/irq_code.a(irqUart.o)
                0x00001b54                uart1ISR
                0x00001d30                restoreIrq
                0x00001d10                disIrq
 .text          0x00001d38      0x684 ../startup/libea_startup_thumb.a(consol.o)
                0x000021f4                consolGetIntNum
                0x00001e34                consolSendCh
                0x00001ff4                consolGetString
                0x00001ea0                consolSendNumber
                0x00001fb0                consolGetCh
                0x00001e14                consolSendChar
                0x0000206c                simplePrintf
                0x00001e74                consolSendString
                0x000022d8                consolScanf
                0x00001fd0                consolGetChar
                0x00001dc4                consolInit
 .text          0x000023bc      0x2d4 ../startup/libea_startup_thumb.a(framework.o)
                0x000024e8                eaInit
                0x00002434                lowLevelInit
                0x000023bc                exceptionHandlerInit
 .text          0x00002690      0x4f8 ../pre_emptive_os/pre_emptive_os.a(kernel.o)
                0x00002a0c                osTick
                0x00002ad0                rmvFromRdyList
                0x0000282c                osGetHighPrioProc
                0x00002aec                osSuspend
                0x00002740                osInit
                0x00002b20                osDeleteProcess
                0x0000276c                osISREnter
                0x00002848                schedule
                0x00002790                osCreateProcess
                0x0000298c                addToRdyList
                0x000026dc                addToTimeList
                0x000029a0                osResume
                0x00002690                osPid
                0x00002b50                osSleep
                0x000028b4                osISRExit
                0x0000291c                osStart
                0x00002948                rmvFromTimeList
                0x00002a68                osStartProcess
 .text          0x00002b88      0x124 ../pre_emptive_os/pre_emptive_os.a(prioqueue.o)
                0x00002b88                initPrioQueue
                0x00002bf0                rmvFromPrioQueue
                0x00002ba8                addToPrioQueue
                0x00002c8c                isEmptyPrioQueue
                0x00002c54                getHighPrioQueue
 .text          0x00002cac      0x218 ../pre_emptive_os/pre_emptive_os.a(timer.o)
                0x00002cac                timerTick
                0x00002e20                osInitTimers
                0x00002dbc                osDeleteTimer
                0x00002d90                osCreateTimer
 .text          0x00002ec4       0xa4 ../pre_emptive_os/pre_emptive_os.a(stack_usage.o)
                0x00002ec4                osStackUsage
                0x00002f08                createStackPattern
                0x00002f28                checkStackLimit
 .text          0x00002f68      0x1ec ../pre_emptive_os/pre_emptive_os.a(a7hal.o)
                0x00002fa0                stkFrameInit_oshal
                0x00002f68                timerIsr_oshal
                0x00003080                halRestoreInterrupts_oshal
                0x00003088                initTimer_oshal
                0x00003070                halEnableInterrupts_oshal
                0x00003120                handleIRQs_oshal
                0x00003050                halDisableInterrupts_oshal
 .text          0x00003154       0xc4 ../pre_emptive_os/pre_emptive_os.a(a7hal_a.o)
                0x00003160                startHighProc_oshal
                0x00003188                ctxSwitchIsr_oshal
                0x00003168                ctxSwitch_oshal
                0x000031a8                generalIRQ_oshal
 .text          0x00003218      0x144 ../pre_emptive_os/pre_emptive_os.a(count_sem.o)
                0x000032b8                osSemGive
                0x0000331c                osSemTryTake
                0x00003218                osSemInit
                0x0000322c                osSemTake
 .text          0x0000335c       0xd8 ../pre_emptive_os/pre_emptive_os.a(event.o)
                0x0000336c                eventWait
                0x0000335c                eventInit
                0x000033d4                eventIsEmpty
                0x000033a4                eventWaitReturn
                0x000033e4                eventSignal
 .text          0x00003434      0x470 usb/libusb.a(LPC_USB.o)
                0x00003434                halDisableInterrupts
                0x00003658                USB_Init
                0x000037ec                USB_ClearBuffer
                0x00003878                USB_ISR
                0x00003454                halEnableInterrupts
                0x00003848                USB_SetAdd
                0x00003810                USB_ValidateBuffer
                0x00003464                halRestoreInterrupts
                0x0000346c                USB_Cmd
                0x0000374c                USB_RealizeEndPoint
 .text          0x000038a4      0x650 usb/libusb.a(LPC_HID.o)
                0x00003970                HID_SendZeroLengthByCtrlEP
                0x00003af4                HID_ImplSetupPacket
                0x000038a4                HID_GetConfiguration
                0x00003a08                HID_SendDataByCtrlEP
                0x000038b4                HID_SendReport
                0x00003adc                HID_CtrlStall
                0x00003e58                HID_CallBack
                0x00003df0                HID_Init
 .text          0x00003ef4      0x114 /cygdrive/c/Embedded/GNUARM/bin/../lib/gcc/arm-elf/4.1.1/interwork/libgcc.a(_udivsi3.o)
                0x00003ef4                __udivsi3
                0x00003ef4                __aeabi_uidiv
                0x00003ff0                __aeabi_uidivmod
 .text          0x00004008      0x144 /cygdrive/c/Embedded/GNUARM/bin/../lib/gcc/arm-elf/4.1.1/interwork/libgcc.a(_divsi3.o)
                0x00004008                __aeabi_idiv
                0x00004008                __divsi3
                0x00004134                __aeabi_idivmod
 .text          0x0000414c       0xd0 /cygdrive/c/Embedded/GNUARM/bin/../lib/gcc/arm-elf/4.1.1/interwork/libgcc.a(_umodsi3.o)
                0x0000414c                __umodsi3
 .text          0x0000421c        0x4 /cygdrive/c/Embedded/GNUARM/bin/../lib/gcc/arm-elf/4.1.1/interwork/libgcc.a(_dvmd_tls.o)
                0x0000421c                __aeabi_ldiv0
                0x0000421c                __div0
                0x0000421c                __aeabi_idiv0
 .text          0x00004220       0x3c /cygdrive/c/Embedded/GNUARM/bin/../lib/gcc/arm-elf/4.1.1/interwork/libgcc.a(_call_via_rX.o)
                0x00004228                _call_via_r2
                0x00004238                _call_via_r6
                0x00004234                _call_via_r5
                0x0000422c                _call_via_r3
                0x0000424c                _call_via_fp
                0x00004240                _call_via_r8
                0x0000423c                _call_via_r7
                0x00004220                _call_via_r0
                0x00004248                _call_via_sl
                0x00004254                _call_via_sp
                0x00004244                _call_via_r9
                0x00004230                _call_via_r4
                0x00004224                _call_via_r1
                0x00004250                _call_via_ip
                0x00004258                _call_via_lr
 .text          0x0000425c       0x30 /cygdrive/c/Embedded/GNUARM/bin/../lib/gcc/arm-elf/4.1.1/../../../../arm-elf/lib/interwork/libc.a(atoi.o)
                0x0000425c                _atoi_r
                0x00004274                atoi
 .text          0x0000428c       0x9c /cygdrive/c/Embedded/GNUARM/bin/../lib/gcc/arm-elf/4.1.1/../../../../arm-elf/lib/interwork/libc.a(memcpy.o)
                0x0000428c                memcpy
 .text          0x00004328       0x90 /cygdrive/c/Embedded/GNUARM/bin/../lib/gcc/arm-elf/4.1.1/../../../../arm-elf/lib/interwork/libc.a(strlen.o)
                0x00004328                strlen
 .text          0x000043b8      0x1f0 /cygdrive/c/Embedded/GNUARM/bin/../lib/gcc/arm-elf/4.1.1/../../../../arm-elf/lib/interwork/libc.a(strtol.o)
                0x0000457c                strtol
                0x000043b8                _strtol_r
 .text          0x000045a8        0x0 /cygdrive/c/Embedded/GNUARM/bin/../lib/gcc/arm-elf/4.1.1/../../../../arm-elf/lib/interwork/libc.a(ctype_.o)
 .text          0x000045a8        0x0 /cygdrive/c/Embedded/GNUARM/bin/../lib/gcc/arm-elf/4.1.1/../../../../arm-elf/lib/interwork/libc.a(impure.o)
 *(.glue_7)
 .glue_7        0x000045a8        0x0 main.o
 .glue_7        0x000045a8        0x0 eeprom.o
 .glue_7        0x000045a8        0x0 i2c.o
 .glue_7        0x000045a8        0x0 uart.o
 .glue_7        0x000045a8        0x0 testLedMatrix.o
 .glue_7        0x000045a8        0x0 testLcd.o
 .glue_7        0x000045a8        0x0 testMotor.o
 .glue_7        0x000045a8        0x0 testRGB.o
 .glue_7        0x000045a8        0x0 testI2C.o
 .glue_7        0x000045a8        0x0 testAdc.o
 .glue_7        0x000045a8        0x0 testXBee.o
 .glue_7        0x000045a8        0x0 startupSound.o
 .glue_7        0x000045a8        0x0 irq/irq_code.a(irq_timer1.o)
 .glue_7        0x000045a8        0x0 irq/irq_code.a(irqUart.o)
 .glue_7        0x000045a8        0x0 ../startup/libea_startup_thumb.a(consol.o)
 .glue_7        0x000045a8        0x0 ../startup/libea_startup_thumb.a(framework.o)
 .glue_7        0x000045a8        0x0 ../startup/libea_startup_thumb.a(startup.o)
 .glue_7        0x000045a8        0x0 ../pre_emptive_os/pre_emptive_os.a(kernel.o)
 .glue_7        0x000045a8        0x0 ../pre_emptive_os/pre_emptive_os.a(prioqueue.o)
 .glue_7        0x000045a8        0x0 ../pre_emptive_os/pre_emptive_os.a(timer.o)
 .glue_7        0x000045a8        0x0 ../pre_emptive_os/pre_emptive_os.a(stack_usage.o)
 .glue_7        0x000045a8        0x0 ../pre_emptive_os/pre_emptive_os.a(a7hal.o)
 .glue_7        0x000045a8        0x0 ../pre_emptive_os/pre_emptive_os.a(a7hal_a.o)
 .glue_7        0x000045a8        0x0 ../pre_emptive_os/pre_emptive_os.a(count_sem.o)
 .glue_7        0x000045a8        0x0 ../pre_emptive_os/pre_emptive_os.a(event.o)
 .glue_7        0x000045a8        0x0 usb/libusb.a(LPC_USB.o)
 .glue_7        0x000045a8        0x0 usb/libusb.a(LPC_HID.o)
 .glue_7        0x000045a8        0x0 /cygdrive/c/Embedded/GNUARM/bin/../lib/gcc/arm-elf/4.1.1/interwork/libgcc.a(_udivsi3.o)
 .glue_7        0x000045a8        0x0 /cygdrive/c/Embedded/GNUARM/bin/../lib/gcc/arm-elf/4.1.1/interwork/libgcc.a(_divsi3.o)
 .glue_7        0x000045a8        0x0 /cygdrive/c/Embedded/GNUARM/bin/../lib/gcc/arm-elf/4.1.1/interwork/libgcc.a(_umodsi3.o)
 .glue_7        0x000045a8        0x0 /cygdrive/c/Embedded/GNUARM/bin/../lib/gcc/arm-elf/4.1.1/interwork/libgcc.a(_dvmd_tls.o)
 .glue_7        0x000045a8        0x0 /cygdrive/c/Embedded/GNUARM/bin/../lib/gcc/arm-elf/4.1.1/interwork/libgcc.a(_call_via_rX.o)
 .glue_7        0x000045a8        0x0 /cygdrive/c/Embedded/GNUARM/bin/../lib/gcc/arm-elf/4.1.1/../../../../arm-elf/lib/interwork/libc.a(atoi.o)
 .glue_7        0x000045a8        0x0 /cygdrive/c/Embedded/GNUARM/bin/../lib/gcc/arm-elf/4.1.1/../../../../arm-elf/lib/interwork/libc.a(memcpy.o)
 .glue_7        0x000045a8        0x0 /cygdrive/c/Embedded/GNUARM/bin/../lib/gcc/arm-elf/4.1.1/../../../../arm-elf/lib/interwork/libc.a(strlen.o)
 .glue_7        0x000045a8        0x0 /cygdrive/c/Embedded/GNUARM/bin/../lib/gcc/arm-elf/4.1.1/../../../../arm-elf/lib/interwork/libc.a(strtol.o)
 .glue_7        0x000045a8        0x0 /cygdrive/c/Embedded/GNUARM/bin/../lib/gcc/arm-elf/4.1.1/../../../../arm-elf/lib/interwork/libc.a(ctype_.o)
 .glue_7        0x000045a8       0x18 /cygdrive/c/Embedded/GNUARM/bin/../lib/gcc/arm-elf/4.1.1/../../../../arm-elf/lib/interwork/libc.a(impure.o)
                0x000045b4                __osISRExit_from_arm
                0x000045a8                __osTick_from_arm
 *(.glue_7t)
 .glue_7t       0x000045c0        0x0 main.o
 .glue_7t       0x000045c0        0x0 eeprom.o
 .glue_7t       0x000045c0        0x0 i2c.o
 .glue_7t       0x000045c0        0x0 uart.o
 .glue_7t       0x000045c0        0x0 testLedMatrix.o
 .glue_7t       0x000045c0        0x0 testLcd.o
 .glue_7t       0x000045c0        0x0 testMotor.o
 .glue_7t       0x000045c0        0x0 testRGB.o
 .glue_7t       0x000045c0        0x0 testI2C.o
 .glue_7t       0x000045c0        0x0 testAdc.o
 .glue_7t       0x000045c0        0x0 testXBee.o
 .glue_7t       0x000045c0        0x0 startupSound.o
 .glue_7t       0x000045c0        0x0 irq/irq_code.a(irq_timer1.o)
 .glue_7t       0x000045c0        0x0 irq/irq_code.a(irqUart.o)
 .glue_7t       0x000045c0        0x0 ../startup/libea_startup_thumb.a(consol.o)
 .glue_7t       0x000045c0        0x0 ../startup/libea_startup_thumb.a(framework.o)
 .glue_7t       0x000045c0        0x0 ../startup/libea_startup_thumb.a(startup.o)
 .glue_7t       0x000045c0        0x0 ../pre_emptive_os/pre_emptive_os.a(kernel.o)
 .glue_7t       0x000045c0        0x0 ../pre_emptive_os/pre_emptive_os.a(prioqueue.o)
 .glue_7t       0x000045c0        0x0 ../pre_emptive_os/pre_emptive_os.a(timer.o)
 .glue_7t       0x000045c0        0x0 ../pre_emptive_os/pre_emptive_os.a(stack_usage.o)
 .glue_7t       0x000045c0        0x0 ../pre_emptive_os/pre_emptive_os.a(a7hal.o)
 .glue_7t       0x000045c0        0x0 ../pre_emptive_os/pre_emptive_os.a(a7hal_a.o)
 .glue_7t       0x000045c0        0x0 ../pre_emptive_os/pre_emptive_os.a(count_sem.o)
 .glue_7t       0x000045c0        0x0 ../pre_emptive_os/pre_emptive_os.a(event.o)
 .glue_7t       0x000045c0        0x0 usb/libusb.a(LPC_USB.o)
 .glue_7t       0x000045c0        0x0 usb/libusb.a(LPC_HID.o)
 .glue_7t       0x000045c0        0x0 /cygdrive/c/Embedded/GNUARM/bin/../lib/gcc/arm-elf/4.1.1/interwork/libgcc.a(_udivsi3.o)
 .glue_7t       0x000045c0        0x0 /cygdrive/c/Embedded/GNUARM/bin/../lib/gcc/arm-elf/4.1.1/interwork/libgcc.a(_divsi3.o)
 .glue_7t       0x000045c0        0x0 /cygdrive/c/Embedded/GNUARM/bin/../lib/gcc/arm-elf/4.1.1/interwork/libgcc.a(_umodsi3.o)
 .glue_7t       0x000045c0        0x0 /cygdrive/c/Embedded/GNUARM/bin/../lib/gcc/arm-elf/4.1.1/interwork/libgcc.a(_dvmd_tls.o)
 .glue_7t       0x000045c0        0x0 /cygdrive/c/Embedded/GNUARM/bin/../lib/gcc/arm-elf/4.1.1/interwork/libgcc.a(_call_via_rX.o)
 .glue_7t       0x000045c0        0x0 /cygdrive/c/Embedded/GNUARM/bin/../lib/gcc/arm-elf/4.1.1/../../../../arm-elf/lib/interwork/libc.a(atoi.o)
 .glue_7t       0x000045c0        0x0 /cygdrive/c/Embedded/GNUARM/bin/../lib/gcc/arm-elf/4.1.1/../../../../arm-elf/lib/interwork/libc.a(memcpy.o)
 .glue_7t       0x000045c0        0x0 /cygdrive/c/Embedded/GNUARM/bin/../lib/gcc/arm-elf/4.1.1/../../../../arm-elf/lib/interwork/libc.a(strlen.o)
 .glue_7t       0x000045c0        0x0 /cygdrive/c/Embedded/GNUARM/bin/../lib/gcc/arm-elf/4.1.1/../../../../arm-elf/lib/interwork/libc.a(strtol.o)
 .glue_7t       0x000045c0        0x0 /cygdrive/c/Embedded/GNUARM/bin/../lib/gcc/arm-elf/4.1.1/../../../../arm-elf/lib/interwork/libc.a(ctype_.o)
 .glue_7t       0x000045c0       0x98 /cygdrive/c/Embedded/GNUARM/bin/../lib/gcc/arm-elf/4.1.1/../../../../arm-elf/lib/interwork/libc.a(impure.o)
                0x0000460c                __consolSendNumber_change_to_arm
                0x00004608                __consolSendNumber_from_thumb
                0x00004618                __halRestoreInterrupts_oshal_from_thumb
                0x00004604                __strlen_change_to_arm
                0x000045f4                __restoreIrq_change_to_arm
                0x000045f8                __memcpy_from_thumb
                0x00004628                __ctxSwitch_oshal_from_thumb
                0x00004624                __stkFrameInit_oshal_change_to_arm
                0x0000463c                __initTimer_oshal_change_to_arm
                0x00004640                __startHighProc_oshal_from_thumb
                0x0000464c                ____udivsi3_change_to_arm
                0x00004644                __startHighProc_oshal_change_to_arm
                0x00004630                __ctxSwitchIsr_oshal_from_thumb
                0x000045ec                __disIrq_change_to_arm
                0x000045e0                __HID_SendReport_from_thumb
                0x000045e8                __disIrq_from_thumb
                0x000045e4                __HID_SendReport_change_to_arm
                0x0000461c                __halRestoreInterrupts_oshal_change_to_arm
                0x000045cc                __simplePrintf_change_to_arm
                0x000045dc                __HID_Init_change_to_arm
                0x000045d8                __HID_Init_from_thumb
                0x00004650                ____divsi3_from_thumb
                0x000045d4                __USB_Init_change_to_arm
                0x0000462c                __ctxSwitch_oshal_change_to_arm
                0x00004620                __stkFrameInit_oshal_from_thumb
                0x00004648                ____udivsi3_from_thumb
                0x000045c0                __eaInit_from_thumb
                0x000045d0                __USB_Init_from_thumb
                0x000045c8                __simplePrintf_from_thumb
                0x00004638                __initTimer_oshal_from_thumb
                0x000045c4                __eaInit_change_to_arm
                0x00004600                __strlen_from_thumb
                0x00004634                __ctxSwitchIsr_oshal_change_to_arm
                0x00004614                __halDisableInterrupts_oshal_change_to_arm
                0x00004610                __halDisableInterrupts_oshal_from_thumb
                0x000045f0                __restoreIrq_from_thumb
                0x000045fc                __memcpy_change_to_arm
                0x00004654                ____divsi3_change_to_arm
                0x00004658                . = ALIGN (0x4)

.rodata         0x00004658    0x10208
 *(.rodata)
 .rodata        0x00004658       0x94 testLedMatrix.o
                0x00004658                eaText
 .rodata        0x000046ec       0x10 testMotor.o
 .rodata        0x000046fc     0xf89e startupSound.o
                0x000046fc                startupSound
 *fill*         0x00013f9a        0x2 00
 .rodata        0x00013f9c       0x10 ../startup/libea_startup_thumb.a(consol.o)
 *fill*         0x00013fac        0x4 00
 .rodata        0x00013fb0       0x10 usb/libusb.a(LPC_HID.o)
                0x00013fb0                StrPoin
 .rodata        0x00013fc0      0x101 /cygdrive/c/Embedded/GNUARM/bin/../lib/gcc/arm-elf/4.1.1/../../../../arm-elf/lib/interwork/libc.a(ctype_.o)
                0x00013fc0                _ctype_
 *fill*         0x000140c1        0x3 00
 .rodata        0x000140c4        0x4 /cygdrive/c/Embedded/GNUARM/bin/../lib/gcc/arm-elf/4.1.1/../../../../arm-elf/lib/interwork/libc.a(impure.o)
                0x000140c4                _global_impure_ptr
 *(.rodata*)
 .rodata.str1.4
                0x000140c8      0x28a main.o
                                0x28c (size before relaxing)
 *fill*         0x00014352        0x2 00
 .rodata.str1.4
                0x00014354      0x1d4 testI2C.o
                                0x24c (size before relaxing)
 .rodata.str1.4
                0x00014528       0xc2 testAdc.o
                                0x140 (size before relaxing)
 *fill*         0x000145ea        0x2 00
 .rodata.str1.4
                0x000145ec      0x16d testXBee.o
                                0x224 (size before relaxing)
 *fill*         0x00014759        0x3 00
 .rodata.str1.4
                0x0001475c       0x18 ../startup/libea_startup_thumb.a(consol.o)
 .rodata.str1.4
                0x00014774       0xd8 ../startup/libea_startup_thumb.a(framework.o)
 .rodata.str1.4
                0x0001484c       0x10 usb/libusb.a(LPC_HID.o)
 .rodata.str1.4
                0x0001485c        0x4 /cygdrive/c/Embedded/GNUARM/bin/../lib/gcc/arm-elf/4.1.1/../../../../arm-elf/lib/interwork/libc.a(impure.o)
                0x00014860                . = ALIGN (0x4)
                0x00014860                _etext = .
                0x00014860                PROVIDE (etext, .)

.data           0x40000080      0x538 load address 0x00014860
                0x40000080                _data = .
 *(.data)
 .data          0x40000080        0x0 main.o
 .data          0x40000080        0x0 eeprom.o
 .data          0x40000080        0x0 i2c.o
 .data          0x40000080        0x0 uart.o
 .data          0x40000080        0x0 testLedMatrix.o
 .data          0x40000080        0x0 testLcd.o
 .data          0x40000080        0x0 testMotor.o
 .data          0x40000080        0x0 testRGB.o
 .data          0x40000080        0x0 testI2C.o
 .data          0x40000080        0x0 testAdc.o
 .data          0x40000080        0x0 testXBee.o
 .data          0x40000080        0x0 startupSound.o
 .data          0x40000080        0x4 irq/irq_code.a(irq_timer1.o)
 .data          0x40000084        0x0 irq/irq_code.a(irqUart.o)
 .data          0x40000084        0x0 ../startup/libea_startup_thumb.a(consol.o)
 .data          0x40000084        0x0 ../startup/libea_startup_thumb.a(framework.o)
 .data          0x40000084        0x0 ../startup/libea_startup_thumb.a(startup.o)
 .data          0x40000084        0x0 ../pre_emptive_os/pre_emptive_os.a(kernel.o)
 .data          0x40000084        0x0 ../pre_emptive_os/pre_emptive_os.a(prioqueue.o)
 .data          0x40000084        0x0 ../pre_emptive_os/pre_emptive_os.a(timer.o)
 .data          0x40000084        0x0 ../pre_emptive_os/pre_emptive_os.a(stack_usage.o)
 .data          0x40000084        0x0 ../pre_emptive_os/pre_emptive_os.a(a7hal.o)
 .data          0x40000084        0x0 ../pre_emptive_os/pre_emptive_os.a(a7hal_a.o)
 .data          0x40000084        0x0 ../pre_emptive_os/pre_emptive_os.a(count_sem.o)
 .data          0x40000084        0x0 ../pre_emptive_os/pre_emptive_os.a(event.o)
 .data          0x40000084        0x0 usb/libusb.a(LPC_USB.o)
 *fill*         0x40000084        0x4 00
 .data          0x40000088      0x128 usb/libusb.a(LPC_HID.o)
                0x40000108                ManufacturerStr
                0x400000d8                cfgDescriptor
                0x40000088                mouseDescriptor
                0x40000148                ProductStr
                0x40000100                LanguagesStr
                0x400000c0                devDescriptor
 .data          0x400001b0        0x0 /cygdrive/c/Embedded/GNUARM/bin/../lib/gcc/arm-elf/4.1.1/interwork/libgcc.a(_udivsi3.o)
 .data          0x400001b0        0x0 /cygdrive/c/Embedded/GNUARM/bin/../lib/gcc/arm-elf/4.1.1/interwork/libgcc.a(_divsi3.o)
 .data          0x400001b0        0x0 /cygdrive/c/Embedded/GNUARM/bin/../lib/gcc/arm-elf/4.1.1/interwork/libgcc.a(_umodsi3.o)
 .data          0x400001b0        0x0 /cygdrive/c/Embedded/GNUARM/bin/../lib/gcc/arm-elf/4.1.1/interwork/libgcc.a(_dvmd_tls.o)
 .data          0x400001b0        0x0 /cygdrive/c/Embedded/GNUARM/bin/../lib/gcc/arm-elf/4.1.1/interwork/libgcc.a(_call_via_rX.o)
 .data          0x400001b0        0x0 /cygdrive/c/Embedded/GNUARM/bin/../lib/gcc/arm-elf/4.1.1/../../../../arm-elf/lib/interwork/libc.a(atoi.o)
 .data          0x400001b0        0x0 /cygdrive/c/Embedded/GNUARM/bin/../lib/gcc/arm-elf/4.1.1/../../../../arm-elf/lib/interwork/libc.a(memcpy.o)
 .data          0x400001b0        0x0 /cygdrive/c/Embedded/GNUARM/bin/../lib/gcc/arm-elf/4.1.1/../../../../arm-elf/lib/interwork/libc.a(strlen.o)
 .data          0x400001b0        0x0 /cygdrive/c/Embedded/GNUARM/bin/../lib/gcc/arm-elf/4.1.1/../../../../arm-elf/lib/interwork/libc.a(strtol.o)
 .data          0x400001b0        0x4 /cygdrive/c/Embedded/GNUARM/bin/../lib/gcc/arm-elf/4.1.1/../../../../arm-elf/lib/interwork/libc.a(ctype_.o)
                0x400001b0                __ctype_ptr
 .data          0x400001b4      0x404 /cygdrive/c/Embedded/GNUARM/bin/../lib/gcc/arm-elf/4.1.1/../../../../arm-elf/lib/interwork/libc.a(impure.o)
                0x400001b4                _impure_ptr
                0x400005b8                . = ALIGN (0x4)
                0x400005b8                _edata = .
                0x400005b8                PROVIDE (edata, .)

.bss            0x400005b8     0x2ecc
                0x400005b8                _bss = .
                0x400005b8                __bss_start = .
                0x400005b8                __bss_start__ = .
 *(.bss)
 .bss           0x400005b8     0x299c main.o
                0x400005b8                msClock
 .bss           0x40002f54        0x0 eeprom.o
 .bss           0x40002f54        0x0 i2c.o
 .bss           0x40002f54       0x14 uart.o
                0x40002f5c                uart1TxRunning
                0x40002f54                uart1TxHead
                0x40002f58                uart1TxTail
                0x40002f60                uart1RxHead
                0x40002f64                uart1RxTail
 .bss           0x40002f68        0x8 testLedMatrix.o
                0x40002f68                pattern
 .bss           0x40002f70        0x0 testLcd.o
 .bss           0x40002f70        0x1 testMotor.o
 .bss           0x40002f71        0x0 testRGB.o
 .bss           0x40002f71        0x0 testI2C.o
 .bss           0x40002f71        0x0 testAdc.o
 .bss           0x40002f71        0x0 testXBee.o
 .bss           0x40002f71        0x0 startupSound.o
 .bss           0x40002f71        0x1 irq/irq_code.a(irq_timer1.o)
 .bss           0x40002f72        0x0 irq/irq_code.a(irqUart.o)
 .bss           0x40002f72        0x0 ../startup/libea_startup_thumb.a(consol.o)
 .bss           0x40002f72        0x0 ../startup/libea_startup_thumb.a(framework.o)
 .bss           0x40002f72        0x0 ../startup/libea_startup_thumb.a(startup.o)
 *fill*         0x40002f72        0x2 00
 .bss           0x40002f74       0x2c ../pre_emptive_os/pre_emptive_os.a(kernel.o)
                0x40002f74                osLockNesting
                0x40002f78                pNxtToRun
                0x40002f7c                pRunProc
                0x40002f75                isrNesting
 .bss           0x40002fa0        0x0 ../pre_emptive_os/pre_emptive_os.a(prioqueue.o)
 .bss           0x40002fa0      0x348 ../pre_emptive_os/pre_emptive_os.a(timer.o)
 .bss           0x400032e8        0x0 ../pre_emptive_os/pre_emptive_os.a(stack_usage.o)
 .bss           0x400032e8        0x0 ../pre_emptive_os/pre_emptive_os.a(a7hal.o)
 .bss           0x400032e8        0x0 ../pre_emptive_os/pre_emptive_os.a(a7hal_a.o)
 .bss           0x400032e8        0x0 ../pre_emptive_os/pre_emptive_os.a(count_sem.o)
 .bss           0x400032e8        0x0 ../pre_emptive_os/pre_emptive_os.a(event.o)
 .bss           0x400032e8        0x0 usb/libusb.a(LPC_USB.o)
 .bss           0x400032e8       0x10 usb/libusb.a(LPC_HID.o)
 .bss           0x400032f8        0x0 /cygdrive/c/Embedded/GNUARM/bin/../lib/gcc/arm-elf/4.1.1/interwork/libgcc.a(_udivsi3.o)
 .bss           0x400032f8        0x0 /cygdrive/c/Embedded/GNUARM/bin/../lib/gcc/arm-elf/4.1.1/interwork/libgcc.a(_divsi3.o)
 .bss           0x400032f8        0x0 /cygdrive/c/Embedded/GNUARM/bin/../lib/gcc/arm-elf/4.1.1/interwork/libgcc.a(_umodsi3.o)
 .bss           0x400032f8        0x0 /cygdrive/c/Embedded/GNUARM/bin/../lib/gcc/arm-elf/4.1.1/interwork/libgcc.a(_dvmd_tls.o)
 .bss           0x400032f8        0x0 /cygdrive/c/Embedded/GNUARM/bin/../lib/gcc/arm-elf/4.1.1/interwork/libgcc.a(_call_via_rX.o)
 .bss           0x400032f8        0x0 /cygdrive/c/Embedded/GNUARM/bin/../lib/gcc/arm-elf/4.1.1/../../../../arm-elf/lib/interwork/libc.a(atoi.o)
 .bss           0x400032f8        0x0 /cygdrive/c/Embedded/GNUARM/bin/../lib/gcc/arm-elf/4.1.1/../../../../arm-elf/lib/interwork/libc.a(memcpy.o)
 .bss           0x400032f8        0x0 /cygdrive/c/Embedded/GNUARM/bin/../lib/gcc/arm-elf/4.1.1/../../../../arm-elf/lib/interwork/libc.a(strlen.o)
 .bss           0x400032f8        0x0 /cygdrive/c/Embedded/GNUARM/bin/../lib/gcc/arm-elf/4.1.1/../../../../arm-elf/lib/interwork/libc.a(strtol.o)
 .bss           0x400032f8        0x0 /cygdrive/c/Embedded/GNUARM/bin/../lib/gcc/arm-elf/4.1.1/../../../../arm-elf/lib/interwork/libc.a(ctype_.o)
 .bss           0x400032f8        0x0 /cygdrive/c/Embedded/GNUARM/bin/../lib/gcc/arm-elf/4.1.1/../../../../arm-elf/lib/interwork/libc.a(impure.o)
 *(COMMON)
 COMMON         0x400032f8        0x1 main.o
                0x400032f8                xbeePresent
 COMMON         0x400032f9       0x80 uart.o
                0x400032f9                uart1RxBuf
                0x40003339                uart1TxBuf
 *fill*         0x40003379        0x3 00
 COMMON         0x4000337c        0x8 ../startup/libea_startup_thumb.a(framework.o)
                0x4000337c                pHeapEnd
                0x40003380                pHeapStart
 COMMON         0x40003384       0xf0 ../pre_emptive_os/pre_emptive_os.a(kernel.o)
                0x40003384                processControlBlocks
 COMMON         0x40003474        0x4 usb/libusb.a(LPC_USB.o)
                0x40003474                IntrCallback
 COMMON         0x40003478        0x9 usb/libusb.a(LPC_HID.o)
                0x40003478                currentConfiguration
                0x40003480                currentAddress
                0x40003484                . = ALIGN (0x4)
 *fill*         0x40003481        0x3 00
                0x40003484                . = ALIGN (0x4)
                0x40003484                __bss_end = .
                0x40003484                __bss_end__ = .
                0x40003484                _end = .
                0x40003484                PROVIDE (end, .)

.stab           0x00000000      0x600
 *(.stab)
 .stab          0x00000000      0x3c0 ../startup/libea_startup_thumb.a(startup.o)
 .stab          0x000003c0      0x240 ../pre_emptive_os/pre_emptive_os.a(a7hal_a.o)
                                0x24c (size before relaxing)

.stabstr        0x00000000       0x99
 *(.stabstr)
 .stabstr       0x00000000       0x99 ../startup/libea_startup_thumb.a(startup.o)

.stab.excl
 *(.stab.excl)

.stab.exclstr
 *(.stab.exclstr)

.stab.index
 *(.stab.index)

.stab.indexstr
 *(.stab.indexstr)

.comment        0x00000000      0x22e
 *(.comment)
 .comment       0x00000000       0x12 main.o
 .comment       0x00000012       0x12 eeprom.o
 .comment       0x00000024       0x12 i2c.o
 .comment       0x00000036       0x12 uart.o
 .comment       0x00000048       0x12 testLedMatrix.o
 .comment       0x0000005a       0x12 testLcd.o
 .comment       0x0000006c       0x12 testMotor.o
 .comment       0x0000007e       0x12 testRGB.o
 .comment       0x00000090       0x12 testI2C.o
 .comment       0x000000a2       0x12 testAdc.o
 .comment       0x000000b4       0x12 testXBee.o
 .comment       0x000000c6       0x12 startupSound.o
 .comment       0x000000d8       0x12 irq/irq_code.a(irq_timer1.o)
 .comment       0x000000ea       0x12 irq/irq_code.a(irqUart.o)
 .comment       0x000000fc       0x12 ../startup/libea_startup_thumb.a(consol.o)
 .comment       0x0000010e       0x12 ../startup/libea_startup_thumb.a(framework.o)
 .comment       0x00000120       0x12 ../pre_emptive_os/pre_emptive_os.a(kernel.o)
 .comment       0x00000132       0x12 ../pre_emptive_os/pre_emptive_os.a(prioqueue.o)
 .comment       0x00000144       0x12 ../pre_emptive_os/pre_emptive_os.a(timer.o)
 .comment       0x00000156       0x12 ../pre_emptive_os/pre_emptive_os.a(stack_usage.o)
 .comment       0x00000168       0x12 ../pre_emptive_os/pre_emptive_os.a(a7hal.o)
 .comment       0x0000017a       0x12 ../pre_emptive_os/pre_emptive_os.a(count_sem.o)
 .comment       0x0000018c       0x12 ../pre_emptive_os/pre_emptive_os.a(event.o)
 .comment       0x0000019e       0x12 usb/libusb.a(LPC_USB.o)
 .comment       0x000001b0       0x12 usb/libusb.a(LPC_HID.o)
 .comment       0x000001c2       0x12 /cygdrive/c/Embedded/GNUARM/bin/../lib/gcc/arm-elf/4.1.1/../../../../arm-elf/lib/interwork/libc.a(atoi.o)
 .comment       0x000001d4       0x12 /cygdrive/c/Embedded/GNUARM/bin/../lib/gcc/arm-elf/4.1.1/../../../../arm-elf/lib/interwork/libc.a(memcpy.o)
 .comment       0x000001e6       0x12 /cygdrive/c/Embedded/GNUARM/bin/../lib/gcc/arm-elf/4.1.1/../../../../arm-elf/lib/interwork/libc.a(strlen.o)
 .comment       0x000001f8       0x12 /cygdrive/c/Embedded/GNUARM/bin/../lib/gcc/arm-elf/4.1.1/../../../../arm-elf/lib/interwork/libc.a(strtol.o)
 .comment       0x0000020a       0x12 /cygdrive/c/Embedded/GNUARM/bin/../lib/gcc/arm-elf/4.1.1/../../../../arm-elf/lib/interwork/libc.a(ctype_.o)
 .comment       0x0000021c       0x12 /cygdrive/c/Embedded/GNUARM/bin/../lib/gcc/arm-elf/4.1.1/../../../../arm-elf/lib/interwork/libc.a(impure.o)

.debug
 *(.debug)

.line
 *(.line)

.debug_srcinfo
 *(.debug_srcinfo)

.debug_sfnames
 *(.debug_sfnames)

.debug_aranges  0x00000000      0x420
 *(.debug_aranges)
 .debug_aranges
                0x00000000       0x20 main.o
 .debug_aranges
                0x00000020       0x20 eeprom.o
 .debug_aranges
                0x00000040       0x20 i2c.o
 .debug_aranges
                0x00000060       0x20 uart.o
 .debug_aranges
                0x00000080       0x20 testLedMatrix.o
 .debug_aranges
                0x000000a0       0x20 testLcd.o
 .debug_aranges
                0x000000c0       0x20 testMotor.o
 .debug_aranges
                0x000000e0       0x20 testRGB.o
 .debug_aranges
                0x00000100       0x20 testI2C.o
 .debug_aranges
                0x00000120       0x20 testAdc.o
 .debug_aranges
                0x00000140       0x20 testXBee.o
 .debug_aranges
                0x00000160       0x20 irq/irq_code.a(irq_timer1.o)
 .debug_aranges
                0x00000180       0x20 irq/irq_code.a(irqUart.o)
 .debug_aranges
                0x000001a0       0x20 ../startup/libea_startup_thumb.a(consol.o)
 .debug_aranges
                0x000001c0       0x20 ../startup/libea_startup_thumb.a(framework.o)
 .debug_aranges
                0x000001e0       0x20 ../pre_emptive_os/pre_emptive_os.a(kernel.o)
 .debug_aranges
                0x00000200       0x20 ../pre_emptive_os/pre_emptive_os.a(prioqueue.o)
 .debug_aranges
                0x00000220       0x20 ../pre_emptive_os/pre_emptive_os.a(timer.o)
 .debug_aranges
                0x00000240       0x20 ../pre_emptive_os/pre_emptive_os.a(stack_usage.o)
 .debug_aranges
                0x00000260       0x20 ../pre_emptive_os/pre_emptive_os.a(a7hal.o)
 .debug_aranges
                0x00000280       0x20 ../pre_emptive_os/pre_emptive_os.a(count_sem.o)
 .debug_aranges
                0x000002a0       0x20 ../pre_emptive_os/pre_emptive_os.a(event.o)
 .debug_aranges
                0x000002c0       0x20 usb/libusb.a(LPC_USB.o)
 .debug_aranges
                0x000002e0       0x20 usb/libusb.a(LPC_HID.o)
 .debug_aranges
                0x00000300       0x20 /cygdrive/c/Embedded/GNUARM/bin/../lib/gcc/arm-elf/4.1.1/interwork/libgcc.a(_udivsi3.o)
 .debug_aranges
                0x00000320       0x20 /cygdrive/c/Embedded/GNUARM/bin/../lib/gcc/arm-elf/4.1.1/interwork/libgcc.a(_divsi3.o)
 .debug_aranges
                0x00000340       0x20 /cygdrive/c/Embedded/GNUARM/bin/../lib/gcc/arm-elf/4.1.1/interwork/libgcc.a(_umodsi3.o)
 .debug_aranges
                0x00000360       0x20 /cygdrive/c/Embedded/GNUARM/bin/../lib/gcc/arm-elf/4.1.1/interwork/libgcc.a(_dvmd_tls.o)
 .debug_aranges
                0x00000380       0x20 /cygdrive/c/Embedded/GNUARM/bin/../lib/gcc/arm-elf/4.1.1/interwork/libgcc.a(_call_via_rX.o)
 .debug_aranges
                0x000003a0       0x20 /cygdrive/c/Embedded/GNUARM/bin/../lib/gcc/arm-elf/4.1.1/../../../../arm-elf/lib/interwork/libc.a(atoi.o)
 .debug_aranges
                0x000003c0       0x20 /cygdrive/c/Embedded/GNUARM/bin/../lib/gcc/arm-elf/4.1.1/../../../../arm-elf/lib/interwork/libc.a(memcpy.o)
 .debug_aranges
                0x000003e0       0x20 /cygdrive/c/Embedded/GNUARM/bin/../lib/gcc/arm-elf/4.1.1/../../../../arm-elf/lib/interwork/libc.a(strlen.o)
 .debug_aranges
                0x00000400       0x20 /cygdrive/c/Embedded/GNUARM/bin/../lib/gcc/arm-elf/4.1.1/../../../../arm-elf/lib/interwork/libc.a(strtol.o)

.debug_pubnames
                0x00000000      0xc77
 *(.debug_pubnames)
 .debug_pubnames
                0x00000000       0x43 main.o
 .debug_pubnames
                0x00000043       0x65 eeprom.o
 .debug_pubnames
                0x000000a8       0xcc i2c.o
 .debug_pubnames
                0x00000174       0xfa uart.o
 .debug_pubnames
                0x0000026e       0x3b testLedMatrix.o
 .debug_pubnames
                0x000002a9       0x1e testLcd.o
 .debug_pubnames
                0x000002c7       0x20 testMotor.o
 .debug_pubnames
                0x000002e7       0x1e testRGB.o
 .debug_pubnames
                0x00000305       0x2d testI2C.o
 .debug_pubnames
                0x00000332       0x1e testAdc.o
 .debug_pubnames
                0x00000350       0x1f testXBee.o
 .debug_pubnames
                0x0000036f       0x23 startupSound.o
 .debug_pubnames
                0x00000392       0x2d irq/irq_code.a(irq_timer1.o)
 .debug_pubnames
                0x000003bf       0x39 irq/irq_code.a(irqUart.o)
 .debug_pubnames
                0x000003f8       0xda ../startup/libea_startup_thumb.a(consol.o)
 .debug_pubnames
                0x000004d2       0x63 ../startup/libea_startup_thumb.a(framework.o)
 .debug_pubnames
                0x00000535      0x17f ../pre_emptive_os/pre_emptive_os.a(kernel.o)
 .debug_pubnames
                0x000006b4       0x76 ../pre_emptive_os/pre_emptive_os.a(prioqueue.o)
 .debug_pubnames
                0x0000072a       0x55 ../pre_emptive_os/pre_emptive_os.a(timer.o)
 .debug_pubnames
                0x0000077f       0x4e ../pre_emptive_os/pre_emptive_os.a(stack_usage.o)
 .debug_pubnames
                0x000007cd       0xc1 ../pre_emptive_os/pre_emptive_os.a(a7hal.o)
 .debug_pubnames
                0x0000088e       0x4d ../pre_emptive_os/pre_emptive_os.a(count_sem.o)
 .debug_pubnames
                0x000008db       0x63 ../pre_emptive_os/pre_emptive_os.a(event.o)
 .debug_pubnames
                0x0000093e       0xe4 usb/libusb.a(LPC_USB.o)
 .debug_pubnames
                0x00000a22      0x162 usb/libusb.a(LPC_HID.o)
 .debug_pubnames
                0x00000b84       0x27 /cygdrive/c/Embedded/GNUARM/bin/../lib/gcc/arm-elf/4.1.1/../../../../arm-elf/lib/interwork/libc.a(atoi.o)
 .debug_pubnames
                0x00000bab       0x1d /cygdrive/c/Embedded/GNUARM/bin/../lib/gcc/arm-elf/4.1.1/../../../../arm-elf/lib/interwork/libc.a(memcpy.o)
 .debug_pubnames
                0x00000bc8       0x1d /cygdrive/c/Embedded/GNUARM/bin/../lib/gcc/arm-elf/4.1.1/../../../../arm-elf/lib/interwork/libc.a(strlen.o)
 .debug_pubnames
                0x00000be5       0x2b /cygdrive/c/Embedded/GNUARM/bin/../lib/gcc/arm-elf/4.1.1/../../../../arm-elf/lib/interwork/libc.a(strtol.o)
 .debug_pubnames
                0x00000c10       0x2e /cygdrive/c/Embedded/GNUARM/bin/../lib/gcc/arm-elf/4.1.1/../../../../arm-elf/lib/interwork/libc.a(ctype_.o)
 .debug_pubnames
                0x00000c3e       0x39 /cygdrive/c/Embedded/GNUARM/bin/../lib/gcc/arm-elf/4.1.1/../../../../arm-elf/lib/interwork/libc.a(impure.o)

.debug_info     0x00000000     0x609f
 *(.debug_info .gnu.linkonce.wi.*)
 .debug_info    0x00000000      0x37b main.o
 .debug_info    0x0000037b      0x28a eeprom.o
 .debug_info    0x00000605      0x465 i2c.o
 .debug_info    0x00000a6a      0x2ae uart.o
 .debug_info    0x00000d18      0x10d testLedMatrix.o
 .debug_info    0x00000e25      0x1fc testLcd.o
 .debug_info    0x00001021       0xcb testMotor.o
 .debug_info    0x000010ec       0xd0 testRGB.o
 .debug_info    0x000011bc      0x192 testI2C.o
 .debug_info    0x0000134e      0x15e testAdc.o
 .debug_info    0x000014ac       0xd3 testXBee.o
 .debug_info    0x0000157f       0x5c startupSound.o
 .debug_info    0x000015db       0xf8 irq/irq_code.a(irq_timer1.o)
 .debug_info    0x000016d3      0x197 irq/irq_code.a(irqUart.o)
 .debug_info    0x0000186a      0x574 ../startup/libea_startup_thumb.a(consol.o)
 .debug_info    0x00001dde      0x1e5 ../startup/libea_startup_thumb.a(framework.o)
 .debug_info    0x00001fc3      0x5fe ../pre_emptive_os/pre_emptive_os.a(kernel.o)
 .debug_info    0x000025c1      0x2e8 ../pre_emptive_os/pre_emptive_os.a(prioqueue.o)
 .debug_info    0x000028a9      0x4b8 ../pre_emptive_os/pre_emptive_os.a(timer.o)
 .debug_info    0x00002d61      0x2cf ../pre_emptive_os/pre_emptive_os.a(stack_usage.o)
 .debug_info    0x00003030      0x189 ../pre_emptive_os/pre_emptive_os.a(a7hal.o)
 .debug_info    0x000031b9      0x32b ../pre_emptive_os/pre_emptive_os.a(count_sem.o)
 .debug_info    0x000034e4      0x2ee ../pre_emptive_os/pre_emptive_os.a(event.o)
 .debug_info    0x000037d2      0x411 usb/libusb.a(LPC_USB.o)
 .debug_info    0x00003be3      0x3e3 usb/libusb.a(LPC_HID.o)
 .debug_info    0x00003fc6       0x68 /cygdrive/c/Embedded/GNUARM/bin/../lib/gcc/arm-elf/4.1.1/interwork/libgcc.a(_udivsi3.o)
 .debug_info    0x0000402e       0x68 /cygdrive/c/Embedded/GNUARM/bin/../lib/gcc/arm-elf/4.1.1/interwork/libgcc.a(_divsi3.o)
 .debug_info    0x00004096       0x68 /cygdrive/c/Embedded/GNUARM/bin/../lib/gcc/arm-elf/4.1.1/interwork/libgcc.a(_umodsi3.o)
 .debug_info    0x000040fe       0x68 /cygdrive/c/Embedded/GNUARM/bin/../lib/gcc/arm-elf/4.1.1/interwork/libgcc.a(_dvmd_tls.o)
 .debug_info    0x00004166       0x68 /cygdrive/c/Embedded/GNUARM/bin/../lib/gcc/arm-elf/4.1.1/interwork/libgcc.a(_call_via_rX.o)
 .debug_info    0x000041ce      0x949 /cygdrive/c/Embedded/GNUARM/bin/../lib/gcc/arm-elf/4.1.1/../../../../arm-elf/lib/interwork/libc.a(atoi.o)
 .debug_info    0x00004b17      0x10a /cygdrive/c/Embedded/GNUARM/bin/../lib/gcc/arm-elf/4.1.1/../../../../arm-elf/lib/interwork/libc.a(memcpy.o)
 .debug_info    0x00004c21       0xd4 /cygdrive/c/Embedded/GNUARM/bin/../lib/gcc/arm-elf/4.1.1/../../../../arm-elf/lib/interwork/libc.a(strlen.o)
 .debug_info    0x00004cf5      0xa0f /cygdrive/c/Embedded/GNUARM/bin/../lib/gcc/arm-elf/4.1.1/../../../../arm-elf/lib/interwork/libc.a(strtol.o)
 .debug_info    0x00005704       0x79 /cygdrive/c/Embedded/GNUARM/bin/../lib/gcc/arm-elf/4.1.1/../../../../arm-elf/lib/interwork/libc.a(ctype_.o)
 .debug_info    0x0000577d      0x922 /cygdrive/c/Embedded/GNUARM/bin/../lib/gcc/arm-elf/4.1.1/../../../../arm-elf/lib/interwork/libc.a(impure.o)

.debug_abbrev   0x00000000     0x229c
 *(.debug_abbrev)
 .debug_abbrev  0x00000000      0x17c main.o
 .debug_abbrev  0x0000017c      0x117 eeprom.o
 .debug_abbrev  0x00000293      0x1ac i2c.o
 .debug_abbrev  0x0000043f       0xed uart.o
 .debug_abbrev  0x0000052c       0xc8 testLedMatrix.o
 .debug_abbrev  0x000005f4      0x123 testLcd.o
 .debug_abbrev  0x00000717       0x92 testMotor.o
 .debug_abbrev  0x000007a9       0x8a testRGB.o
 .debug_abbrev  0x00000833       0xd0 testI2C.o
 .debug_abbrev  0x00000903      0x112 testAdc.o
 .debug_abbrev  0x00000a15       0x9c testXBee.o
 .debug_abbrev  0x00000ab1       0x49 startupSound.o
 .debug_abbrev  0x00000afa       0xb3 irq/irq_code.a(irq_timer1.o)
 .debug_abbrev  0x00000bad       0xf4 irq/irq_code.a(irqUart.o)
 .debug_abbrev  0x00000ca1      0x2b8 ../startup/libea_startup_thumb.a(consol.o)
 .debug_abbrev  0x00000f59       0xd0 ../startup/libea_startup_thumb.a(framework.o)
 .debug_abbrev  0x00001029      0x1b8 ../pre_emptive_os/pre_emptive_os.a(kernel.o)
 .debug_abbrev  0x000011e1      0x11e ../pre_emptive_os/pre_emptive_os.a(prioqueue.o)
 .debug_abbrev  0x000012ff      0x154 ../pre_emptive_os/pre_emptive_os.a(timer.o)
 .debug_abbrev  0x00001453      0x170 ../pre_emptive_os/pre_emptive_os.a(stack_usage.o)
 .debug_abbrev  0x000015c3       0xf2 ../pre_emptive_os/pre_emptive_os.a(a7hal.o)
 .debug_abbrev  0x000016b5      0x101 ../pre_emptive_os/pre_emptive_os.a(count_sem.o)
 .debug_abbrev  0x000017b6      0x103 ../pre_emptive_os/pre_emptive_os.a(event.o)
 .debug_abbrev  0x000018b9      0x1db usb/libusb.a(LPC_USB.o)
 .debug_abbrev  0x00001a94      0x197 usb/libusb.a(LPC_HID.o)
 .debug_abbrev  0x00001c2b       0x14 /cygdrive/c/Embedded/GNUARM/bin/../lib/gcc/arm-elf/4.1.1/interwork/libgcc.a(_udivsi3.o)
 .debug_abbrev  0x00001c3f       0x14 /cygdrive/c/Embedded/GNUARM/bin/../lib/gcc/arm-elf/4.1.1/interwork/libgcc.a(_divsi3.o)
 .debug_abbrev  0x00001c53       0x14 /cygdrive/c/Embedded/GNUARM/bin/../lib/gcc/arm-elf/4.1.1/interwork/libgcc.a(_umodsi3.o)
 .debug_abbrev  0x00001c67       0x14 /cygdrive/c/Embedded/GNUARM/bin/../lib/gcc/arm-elf/4.1.1/interwork/libgcc.a(_dvmd_tls.o)
 .debug_abbrev  0x00001c7b       0x14 /cygdrive/c/Embedded/GNUARM/bin/../lib/gcc/arm-elf/4.1.1/interwork/libgcc.a(_call_via_rX.o)
 .debug_abbrev  0x00001c8f      0x176 /cygdrive/c/Embedded/GNUARM/bin/../lib/gcc/arm-elf/4.1.1/../../../../arm-elf/lib/interwork/libc.a(atoi.o)
 .debug_abbrev  0x00001e05       0xa6 /cygdrive/c/Embedded/GNUARM/bin/../lib/gcc/arm-elf/4.1.1/../../../../arm-elf/lib/interwork/libc.a(memcpy.o)
 .debug_abbrev  0x00001eab       0x8b /cygdrive/c/Embedded/GNUARM/bin/../lib/gcc/arm-elf/4.1.1/../../../../arm-elf/lib/interwork/libc.a(strlen.o)
 .debug_abbrev  0x00001f36      0x1bd /cygdrive/c/Embedded/GNUARM/bin/../lib/gcc/arm-elf/4.1.1/../../../../arm-elf/lib/interwork/libc.a(strtol.o)
 .debug_abbrev  0x000020f3       0x52 /cygdrive/c/Embedded/GNUARM/bin/../lib/gcc/arm-elf/4.1.1/../../../../arm-elf/lib/interwork/libc.a(ctype_.o)
 .debug_abbrev  0x00002145      0x157 /cygdrive/c/Embedded/GNUARM/bin/../lib/gcc/arm-elf/4.1.1/../../../../arm-elf/lib/interwork/libc.a(impure.o)

.debug_line     0x00000000     0x1c02
 *(.debug_line)
 .debug_line    0x00000000       0xf2 main.o
 .debug_line    0x000000f2       0xe5 eeprom.o
 .debug_line    0x000001d7      0x119 i2c.o
 .debug_line    0x000002f0       0xd4 uart.o
 .debug_line    0x000003c4       0x90 testLedMatrix.o
 .debug_line    0x00000454      0x13c testLcd.o
 .debug_line    0x00000590       0x80 testMotor.o
 .debug_line    0x00000610       0x97 testRGB.o
 .debug_line    0x000006a7       0xcd testI2C.o
 .debug_line    0x00000774       0xd5 testAdc.o
 .debug_line    0x00000849       0x9b testXBee.o
 .debug_line    0x000008e4       0x2f startupSound.o
 .debug_line    0x00000913       0x7f irq/irq_code.a(irq_timer1.o)
 .debug_line    0x00000992       0x96 irq/irq_code.a(irqUart.o)
 .debug_line    0x00000a28      0x1ba ../startup/libea_startup_thumb.a(consol.o)
 .debug_line    0x00000be2       0xc1 ../startup/libea_startup_thumb.a(framework.o)
 .debug_line    0x00000ca3      0x176 ../pre_emptive_os/pre_emptive_os.a(kernel.o)
 .debug_line    0x00000e19       0xbb ../pre_emptive_os/pre_emptive_os.a(prioqueue.o)
 .debug_line    0x00000ed4      0x109 ../pre_emptive_os/pre_emptive_os.a(timer.o)
 .debug_line    0x00000fdd       0x97 ../pre_emptive_os/pre_emptive_os.a(stack_usage.o)
 .debug_line    0x00001074       0x8c ../pre_emptive_os/pre_emptive_os.a(a7hal.o)
 .debug_line    0x00001100       0xd9 ../pre_emptive_os/pre_emptive_os.a(count_sem.o)
 .debug_line    0x000011d9       0xaf ../pre_emptive_os/pre_emptive_os.a(event.o)
 .debug_line    0x00001288       0xea usb/libusb.a(LPC_USB.o)
 .debug_line    0x00001372      0x125 usb/libusb.a(LPC_HID.o)
 .debug_line    0x00001497       0x84 /cygdrive/c/Embedded/GNUARM/bin/../lib/gcc/arm-elf/4.1.1/interwork/libgcc.a(_udivsi3.o)
 .debug_line    0x0000151b       0x90 /cygdrive/c/Embedded/GNUARM/bin/../lib/gcc/arm-elf/4.1.1/interwork/libgcc.a(_divsi3.o)
 .debug_line    0x000015ab       0x6e /cygdrive/c/Embedded/GNUARM/bin/../lib/gcc/arm-elf/4.1.1/interwork/libgcc.a(_umodsi3.o)
 .debug_line    0x00001619       0x5d /cygdrive/c/Embedded/GNUARM/bin/../lib/gcc/arm-elf/4.1.1/interwork/libgcc.a(_dvmd_tls.o)
 .debug_line    0x00001676       0x6b /cygdrive/c/Embedded/GNUARM/bin/../lib/gcc/arm-elf/4.1.1/interwork/libgcc.a(_call_via_rX.o)
 .debug_line    0x000016e1       0xf9 /cygdrive/c/Embedded/GNUARM/bin/../lib/gcc/arm-elf/4.1.1/../../../../arm-elf/lib/interwork/libc.a(atoi.o)
 .debug_line    0x000017da       0xc8 /cygdrive/c/Embedded/GNUARM/bin/../lib/gcc/arm-elf/4.1.1/../../../../arm-elf/lib/interwork/libc.a(memcpy.o)
 .debug_line    0x000018a2       0xaf /cygdrive/c/Embedded/GNUARM/bin/../lib/gcc/arm-elf/4.1.1/../../../../arm-elf/lib/interwork/libc.a(strlen.o)
 .debug_line    0x00001951      0x173 /cygdrive/c/Embedded/GNUARM/bin/../lib/gcc/arm-elf/4.1.1/../../../../arm-elf/lib/interwork/libc.a(strtol.o)
 .debug_line    0x00001ac4       0x5b /cygdrive/c/Embedded/GNUARM/bin/../lib/gcc/arm-elf/4.1.1/../../../../arm-elf/lib/interwork/libc.a(ctype_.o)
 .debug_line    0x00001b1f       0xe3 /cygdrive/c/Embedded/GNUARM/bin/../lib/gcc/arm-elf/4.1.1/../../../../arm-elf/lib/interwork/libc.a(impure.o)

.debug_frame    0x00000000     0x100c
 *(.debug_frame)
 .debug_frame   0x00000000       0xd8 main.o
 .debug_frame   0x000000d8       0xa4 eeprom.o
 .debug_frame   0x0000017c      0x108 i2c.o
 .debug_frame   0x00000284       0xc4 uart.o
 .debug_frame   0x00000348       0x28 testLedMatrix.o
 .debug_frame   0x00000370       0x54 testLcd.o
 .debug_frame   0x000003c4       0x28 testMotor.o
 .debug_frame   0x000003ec       0x2c testRGB.o
 .debug_frame   0x00000418       0x50 testI2C.o
 .debug_frame   0x00000468       0x48 testAdc.o
 .debug_frame   0x000004b0       0x30 testXBee.o
 .debug_frame   0x000004e0       0x3c irq/irq_code.a(irq_timer1.o)
 .debug_frame   0x0000051c       0x44 irq/irq_code.a(irqUart.o)
 .debug_frame   0x00000560      0x158 ../startup/libea_startup_thumb.a(consol.o)
 .debug_frame   0x000006b8       0xf8 ../startup/libea_startup_thumb.a(framework.o)
 .debug_frame   0x000007b0      0x1e8 ../pre_emptive_os/pre_emptive_os.a(kernel.o)
 .debug_frame   0x00000998       0x8c ../pre_emptive_os/pre_emptive_os.a(prioqueue.o)
 .debug_frame   0x00000a24       0xb8 ../pre_emptive_os/pre_emptive_os.a(timer.o)
 .debug_frame   0x00000adc       0x58 ../pre_emptive_os/pre_emptive_os.a(stack_usage.o)
 .debug_frame   0x00000b34       0xa0 ../pre_emptive_os/pre_emptive_os.a(a7hal.o)
 .debug_frame   0x00000bd4       0x84 ../pre_emptive_os/pre_emptive_os.a(count_sem.o)
 .debug_frame   0x00000c58       0x94 ../pre_emptive_os/pre_emptive_os.a(event.o)
 .debug_frame   0x00000cec       0xec usb/libusb.a(LPC_USB.o)
 .debug_frame   0x00000dd8       0xd8 usb/libusb.a(LPC_HID.o)
 .debug_frame   0x00000eb0       0x2c /cygdrive/c/Embedded/GNUARM/bin/../lib/gcc/arm-elf/4.1.1/interwork/libgcc.a(_udivsi3.o)
 .debug_frame   0x00000edc       0x2c /cygdrive/c/Embedded/GNUARM/bin/../lib/gcc/arm-elf/4.1.1/interwork/libgcc.a(_divsi3.o)
 .debug_frame   0x00000f08       0x2c /cygdrive/c/Embedded/GNUARM/bin/../lib/gcc/arm-elf/4.1.1/interwork/libgcc.a(_umodsi3.o)
 .debug_frame   0x00000f34       0x40 /cygdrive/c/Embedded/GNUARM/bin/../lib/gcc/arm-elf/4.1.1/../../../../arm-elf/lib/interwork/libc.a(atoi.o)
 .debug_frame   0x00000f74       0x28 /cygdrive/c/Embedded/GNUARM/bin/../lib/gcc/arm-elf/4.1.1/../../../../arm-elf/lib/interwork/libc.a(memcpy.o)
 .debug_frame   0x00000f9c       0x20 /cygdrive/c/Embedded/GNUARM/bin/../lib/gcc/arm-elf/4.1.1/../../../../arm-elf/lib/interwork/libc.a(strlen.o)
 .debug_frame   0x00000fbc       0x50 /cygdrive/c/Embedded/GNUARM/bin/../lib/gcc/arm-elf/4.1.1/../../../../arm-elf/lib/interwork/libc.a(strtol.o)

.debug_str      0x00000000     0x1bb7
 *(.debug_str)
 .debug_str     0x00000000      0x189 main.o
                                0x1b9 (size before relaxing)
 .debug_str     0x00000189       0x85 eeprom.o
                                0x143 (size before relaxing)
 .debug_str     0x0000020e       0x90 i2c.o
                                0x177 (size before relaxing)
 .debug_str     0x0000029e      0x112 uart.o
                                0x1f7 (size before relaxing)
 .debug_str     0x000003b0       0x40 testLedMatrix.o
                                0x118 (size before relaxing)
 .debug_str     0x000003f0       0x40 testLcd.o
                                0x115 (size before relaxing)
 .debug_str     0x00000430       0x34 testMotor.o
                                0x104 (size before relaxing)
 .debug_str     0x00000464       0x31 testRGB.o
                                0x10d (size before relaxing)
 .debug_str     0x00000495       0x8c testI2C.o
                                0x16f (size before relaxing)
 .debug_str     0x00000521       0x4b testAdc.o
                                0x134 (size before relaxing)
 .debug_str     0x0000056c       0x26 testXBee.o
                                0x105 (size before relaxing)
 .debug_str     0x00000592        0xf startupSound.o
                                 0xa8 (size before relaxing)
 .debug_str     0x000005a1       0xb1 irq/irq_code.a(irq_timer1.o)
                                0x120 (size before relaxing)
 .debug_str     0x00000652       0x52 irq/irq_code.a(irqUart.o)
                                0x17f (size before relaxing)
 .debug_str     0x000006a4      0x1fb ../startup/libea_startup_thumb.a(consol.o)
                                0x2af (size before relaxing)
 .debug_str     0x0000089f       0xdd ../startup/libea_startup_thumb.a(framework.o)
                                0x199 (size before relaxing)
 .debug_str     0x0000097c      0x2e0 ../pre_emptive_os/pre_emptive_os.a(kernel.o)
                                0x35e (size before relaxing)
 .debug_str     0x00000c5c       0x7d ../pre_emptive_os/pre_emptive_os.a(prioqueue.o)
                                0x246 (size before relaxing)
 .debug_str     0x00000cd9      0x10e ../pre_emptive_os/pre_emptive_os.a(timer.o)
                                0x2f7 (size before relaxing)
 .debug_str     0x00000de7       0x70 ../pre_emptive_os/pre_emptive_os.a(stack_usage.o)
                                0x22b (size before relaxing)
 .debug_str     0x00000e57      0x158 ../pre_emptive_os/pre_emptive_os.a(a7hal.o)
                                0x1dd (size before relaxing)
 .debug_str     0x00000faf       0x51 ../pre_emptive_os/pre_emptive_os.a(count_sem.o)
                                0x25b (size before relaxing)
 .debug_str     0x00001000       0x51 ../pre_emptive_os/pre_emptive_os.a(event.o)
                                0x265 (size before relaxing)
 .debug_str     0x00001051      0x34e usb/libusb.a(LPC_USB.o)
                                0x3c2 (size before relaxing)
 .debug_str     0x0000139f      0x18a usb/libusb.a(LPC_HID.o)
                                0x280 (size before relaxing)
 .debug_str     0x00001529      0x409 /cygdrive/c/Embedded/GNUARM/bin/../lib/gcc/arm-elf/4.1.1/../../../../arm-elf/lib/interwork/libc.a(atoi.o)
                                0x49e (size before relaxing)
 .debug_str     0x00001932       0xaa /cygdrive/c/Embedded/GNUARM/bin/../lib/gcc/arm-elf/4.1.1/../../../../arm-elf/lib/interwork/libc.a(memcpy.o)
                                 0xd6 (size before relaxing)
 .debug_str     0x000019dc       0x56 /cygdrive/c/Embedded/GNUARM/bin/../lib/gcc/arm-elf/4.1.1/../../../../arm-elf/lib/interwork/libc.a(strlen.o)
                                0x11f (size before relaxing)
 .debug_str     0x00001a32       0x78 /cygdrive/c/Embedded/GNUARM/bin/../lib/gcc/arm-elf/4.1.1/../../../../arm-elf/lib/interwork/libc.a(strtol.o)
                                0x4e0 (size before relaxing)
 .debug_str     0x00001aaa       0x7b /cygdrive/c/Embedded/GNUARM/bin/../lib/gcc/arm-elf/4.1.1/../../../../arm-elf/lib/interwork/libc.a(ctype_.o)
                                 0xaa (size before relaxing)
 .debug_str     0x00001b25       0x92 /cygdrive/c/Embedded/GNUARM/bin/../lib/gcc/arm-elf/4.1.1/../../../../arm-elf/lib/interwork/libc.a(impure.o)
                                0x4bc (size before relaxing)

.debug_loc      0x00000000     0x1ea1
 *(.debug_loc)
 .debug_loc     0x00000000      0x1dc main.o
 .debug_loc     0x000001dc      0x33d eeprom.o
 .debug_loc     0x00000519      0x406 i2c.o
 .debug_loc     0x0000091f      0x213 uart.o
 .debug_loc     0x00000b32       0x48 testLedMatrix.o
 .debug_loc     0x00000b7a      0x115 testLcd.o
 .debug_loc     0x00000c8f       0x32 testMotor.o
 .debug_loc     0x00000cc1       0xad testRGB.o
 .debug_loc     0x00000d6e       0xa5 testI2C.o
 .debug_loc     0x00000e13       0xad testAdc.o
 .debug_loc     0x00000ec0       0x51 testXBee.o
 .debug_loc     0x00000f11       0x1f irq/irq_code.a(irq_timer1.o)
 .debug_loc     0x00000f30       0x55 irq/irq_code.a(irqUart.o)
 .debug_loc     0x00000f85      0x572 ../startup/libea_startup_thumb.a(consol.o)
 .debug_loc     0x000014f7      0x1b2 ../startup/libea_startup_thumb.a(framework.o)
 .debug_loc     0x000016a9      0x296 usb/libusb.a(LPC_USB.o)
 .debug_loc     0x0000193f      0x19d usb/libusb.a(LPC_HID.o)
 .debug_loc     0x00001adc       0x77 /cygdrive/c/Embedded/GNUARM/bin/../lib/gcc/arm-elf/4.1.1/../../../../arm-elf/lib/interwork/libc.a(atoi.o)
 .debug_loc     0x00001b53       0xfc /cygdrive/c/Embedded/GNUARM/bin/../lib/gcc/arm-elf/4.1.1/../../../../arm-elf/lib/interwork/libc.a(memcpy.o)
 .debug_loc     0x00001c4f       0x47 /cygdrive/c/Embedded/GNUARM/bin/../lib/gcc/arm-elf/4.1.1/../../../../arm-elf/lib/interwork/libc.a(strlen.o)
 .debug_loc     0x00001c96      0x20b /cygdrive/c/Embedded/GNUARM/bin/../lib/gcc/arm-elf/4.1.1/../../../../arm-elf/lib/interwork/libc.a(strtol.o)

.debug_macinfo
 *(.debug_macinfo)

.debug_weaknames
 *(.debug_weaknames)

.debug_funcnames
 *(.debug_funcnames)

.debug_typenames
 *(.debug_typenames)

.debug_varnames
 *(.debug_varnames)
OUTPUT(testprogram_lpc2148_edu_v3_0.elf elf32-littlearm)

.debug_ranges   0x00000000      0x110
 .debug_ranges  0x00000000       0x18 main.o
 .debug_ranges  0x00000018       0x30 testLcd.o
 .debug_ranges  0x00000048       0x18 testI2C.o
 .debug_ranges  0x00000060       0x50 testAdc.o
 .debug_ranges  0x000000b0       0x60 ../startup/libea_startup_thumb.a(consol.o)

Cross Reference Table

Symbol                                            File
HID_CallBack                                      usb/libusb.a(LPC_HID.o)
                                                  main.o
HID_CtrlStall                                     usb/libusb.a(LPC_HID.o)
HID_GetConfiguration                              usb/libusb.a(LPC_HID.o)
HID_ImplSetupPacket                               usb/libusb.a(LPC_HID.o)
HID_Init                                          usb/libusb.a(LPC_HID.o)
                                                  main.o
HID_SendDataByCtrlEP                              usb/libusb.a(LPC_HID.o)
HID_SendReport                                    usb/libusb.a(LPC_HID.o)
                                                  main.o
HID_SendZeroLengthByCtrlEP                        usb/libusb.a(LPC_HID.o)
IntrCallback                                      usb/libusb.a(LPC_USB.o)
LanguagesStr                                      usb/libusb.a(LPC_HID.o)
ManufacturerStr                                   usb/libusb.a(LPC_HID.o)
ProductStr                                        usb/libusb.a(LPC_HID.o)
StrPoin                                           usb/libusb.a(LPC_HID.o)
USB_ClearBuffer                                   usb/libusb.a(LPC_USB.o)
                                                  usb/libusb.a(LPC_HID.o)
USB_Cmd                                           usb/libusb.a(LPC_USB.o)
                                                  usb/libusb.a(LPC_HID.o)
USB_ISR                                           usb/libusb.a(LPC_USB.o)
USB_Init                                          usb/libusb.a(LPC_USB.o)
                                                  main.o
USB_RealizeEndPoint                               usb/libusb.a(LPC_USB.o)
                                                  usb/libusb.a(LPC_HID.o)
USB_SetAdd                                        usb/libusb.a(LPC_USB.o)
                                                  usb/libusb.a(LPC_HID.o)
USB_ValidateBuffer                                usb/libusb.a(LPC_USB.o)
                                                  usb/libusb.a(LPC_HID.o)
__HID_Init_change_to_arm                          /cygdrive/c/Embedded/GNUARM/bin/../lib/gcc/arm-elf/4.1.1/../../../../arm-elf/lib/interwork/libc.a(impure.o)
__HID_Init_from_thumb                             /cygdrive/c/Embedded/GNUARM/bin/../lib/gcc/arm-elf/4.1.1/../../../../arm-elf/lib/interwork/libc.a(impure.o)
__HID_SendReport_change_to_arm                    /cygdrive/c/Embedded/GNUARM/bin/../lib/gcc/arm-elf/4.1.1/../../../../arm-elf/lib/interwork/libc.a(impure.o)
__HID_SendReport_from_thumb                       /cygdrive/c/Embedded/GNUARM/bin/../lib/gcc/arm-elf/4.1.1/../../../../arm-elf/lib/interwork/libc.a(impure.o)
__USB_Init_change_to_arm                          /cygdrive/c/Embedded/GNUARM/bin/../lib/gcc/arm-elf/4.1.1/../../../../arm-elf/lib/interwork/libc.a(impure.o)
__USB_Init_from_thumb                             /cygdrive/c/Embedded/GNUARM/bin/../lib/gcc/arm-elf/4.1.1/../../../../arm-elf/lib/interwork/libc.a(impure.o)
____divsi3_change_to_arm                          /cygdrive/c/Embedded/GNUARM/bin/../lib/gcc/arm-elf/4.1.1/../../../../arm-elf/lib/interwork/libc.a(impure.o)
____divsi3_from_thumb                             /cygdrive/c/Embedded/GNUARM/bin/../lib/gcc/arm-elf/4.1.1/../../../../arm-elf/lib/interwork/libc.a(impure.o)
____udivsi3_change_to_arm                         /cygdrive/c/Embedded/GNUARM/bin/../lib/gcc/arm-elf/4.1.1/../../../../arm-elf/lib/interwork/libc.a(impure.o)
____udivsi3_from_thumb                            /cygdrive/c/Embedded/GNUARM/bin/../lib/gcc/arm-elf/4.1.1/../../../../arm-elf/lib/interwork/libc.a(impure.o)
__aeabi_idiv                                      /cygdrive/c/Embedded/GNUARM/bin/../lib/gcc/arm-elf/4.1.1/interwork/libgcc.a(_divsi3.o)
__aeabi_idiv0                                     /cygdrive/c/Embedded/GNUARM/bin/../lib/gcc/arm-elf/4.1.1/interwork/libgcc.a(_dvmd_tls.o)
__aeabi_idivmod                                   /cygdrive/c/Embedded/GNUARM/bin/../lib/gcc/arm-elf/4.1.1/interwork/libgcc.a(_divsi3.o)
__aeabi_ldiv0                                     /cygdrive/c/Embedded/GNUARM/bin/../lib/gcc/arm-elf/4.1.1/interwork/libgcc.a(_dvmd_tls.o)
__aeabi_uidiv                                     /cygdrive/c/Embedded/GNUARM/bin/../lib/gcc/arm-elf/4.1.1/interwork/libgcc.a(_udivsi3.o)
__aeabi_uidivmod                                  /cygdrive/c/Embedded/GNUARM/bin/../lib/gcc/arm-elf/4.1.1/interwork/libgcc.a(_udivsi3.o)
__bss_end__                                       ../startup/libea_startup_thumb.a(startup.o)
__bss_start__                                     ../startup/libea_startup_thumb.a(startup.o)
__consolSendNumber_change_to_arm                  /cygdrive/c/Embedded/GNUARM/bin/../lib/gcc/arm-elf/4.1.1/../../../../arm-elf/lib/interwork/libc.a(impure.o)
__consolSendNumber_from_thumb                     /cygdrive/c/Embedded/GNUARM/bin/../lib/gcc/arm-elf/4.1.1/../../../../arm-elf/lib/interwork/libc.a(impure.o)
__ctxSwitchIsr_oshal_change_to_arm                /cygdrive/c/Embedded/GNUARM/bin/../lib/gcc/arm-elf/4.1.1/../../../../arm-elf/lib/interwork/libc.a(impure.o)
__ctxSwitchIsr_oshal_from_thumb                   /cygdrive/c/Embedded/GNUARM/bin/../lib/gcc/arm-elf/4.1.1/../../../../arm-elf/lib/interwork/libc.a(impure.o)
__ctxSwitch_oshal_change_to_arm                   /cygdrive/c/Embedded/GNUARM/bin/../lib/gcc/arm-elf/4.1.1/../../../../arm-elf/lib/interwork/libc.a(impure.o)
__ctxSwitch_oshal_from_thumb                      /cygdrive/c/Embedded/GNUARM/bin/../lib/gcc/arm-elf/4.1.1/../../../../arm-elf/lib/interwork/libc.a(impure.o)
__ctype_ptr                                       /cygdrive/c/Embedded/GNUARM/bin/../lib/gcc/arm-elf/4.1.1/../../../../arm-elf/lib/interwork/libc.a(ctype_.o)
                                                  /cygdrive/c/Embedded/GNUARM/bin/../lib/gcc/arm-elf/4.1.1/../../../../arm-elf/lib/interwork/libc.a(strtol.o)
__disIrq_change_to_arm                            /cygdrive/c/Embedded/GNUARM/bin/../lib/gcc/arm-elf/4.1.1/../../../../arm-elf/lib/interwork/libc.a(impure.o)
__disIrq_from_thumb                               /cygdrive/c/Embedded/GNUARM/bin/../lib/gcc/arm-elf/4.1.1/../../../../arm-elf/lib/interwork/libc.a(impure.o)
__div0                                            /cygdrive/c/Embedded/GNUARM/bin/../lib/gcc/arm-elf/4.1.1/interwork/libgcc.a(_dvmd_tls.o)
                                                  /cygdrive/c/Embedded/GNUARM/bin/../lib/gcc/arm-elf/4.1.1/interwork/libgcc.a(_umodsi3.o)
                                                  /cygdrive/c/Embedded/GNUARM/bin/../lib/gcc/arm-elf/4.1.1/interwork/libgcc.a(_divsi3.o)
                                                  /cygdrive/c/Embedded/GNUARM/bin/../lib/gcc/arm-elf/4.1.1/interwork/libgcc.a(_udivsi3.o)
__divsi3                                          /cygdrive/c/Embedded/GNUARM/bin/../lib/gcc/arm-elf/4.1.1/interwork/libgcc.a(_divsi3.o)
                                                  ../pre_emptive_os/pre_emptive_os.a(stack_usage.o)
__eaInit_change_to_arm                            /cygdrive/c/Embedded/GNUARM/bin/../lib/gcc/arm-elf/4.1.1/../../../../arm-elf/lib/interwork/libc.a(impure.o)
__eaInit_from_thumb                               /cygdrive/c/Embedded/GNUARM/bin/../lib/gcc/arm-elf/4.1.1/../../../../arm-elf/lib/interwork/libc.a(impure.o)
__halDisableInterrupts_oshal_change_to_arm        /cygdrive/c/Embedded/GNUARM/bin/../lib/gcc/arm-elf/4.1.1/../../../../arm-elf/lib/interwork/libc.a(impure.o)
__halDisableInterrupts_oshal_from_thumb           /cygdrive/c/Embedded/GNUARM/bin/../lib/gcc/arm-elf/4.1.1/../../../../arm-elf/lib/interwork/libc.a(impure.o)
__halRestoreInterrupts_oshal_change_to_arm        /cygdrive/c/Embedded/GNUARM/bin/../lib/gcc/arm-elf/4.1.1/../../../../arm-elf/lib/interwork/libc.a(impure.o)
__halRestoreInterrupts_oshal_from_thumb           /cygdrive/c/Embedded/GNUARM/bin/../lib/gcc/arm-elf/4.1.1/../../../../arm-elf/lib/interwork/libc.a(impure.o)
__initTimer_oshal_change_to_arm                   /cygdrive/c/Embedded/GNUARM/bin/../lib/gcc/arm-elf/4.1.1/../../../../arm-elf/lib/interwork/libc.a(impure.o)
__initTimer_oshal_from_thumb                      /cygdrive/c/Embedded/GNUARM/bin/../lib/gcc/arm-elf/4.1.1/../../../../arm-elf/lib/interwork/libc.a(impure.o)
__memcpy_change_to_arm                            /cygdrive/c/Embedded/GNUARM/bin/../lib/gcc/arm-elf/4.1.1/../../../../arm-elf/lib/interwork/libc.a(impure.o)
__memcpy_from_thumb                               /cygdrive/c/Embedded/GNUARM/bin/../lib/gcc/arm-elf/4.1.1/../../../../arm-elf/lib/interwork/libc.a(impure.o)
__osISRExit_from_arm                              /cygdrive/c/Embedded/GNUARM/bin/../lib/gcc/arm-elf/4.1.1/../../../../arm-elf/lib/interwork/libc.a(impure.o)
__osTick_from_arm                                 /cygdrive/c/Embedded/GNUARM/bin/../lib/gcc/arm-elf/4.1.1/../../../../arm-elf/lib/interwork/libc.a(impure.o)
__restoreIrq_change_to_arm                        /cygdrive/c/Embedded/GNUARM/bin/../lib/gcc/arm-elf/4.1.1/../../../../arm-elf/lib/interwork/libc.a(impure.o)
__restoreIrq_from_thumb                           /cygdrive/c/Embedded/GNUARM/bin/../lib/gcc/arm-elf/4.1.1/../../../../arm-elf/lib/interwork/libc.a(impure.o)
__simplePrintf_change_to_arm                      /cygdrive/c/Embedded/GNUARM/bin/../lib/gcc/arm-elf/4.1.1/../../../../arm-elf/lib/interwork/libc.a(impure.o)
__simplePrintf_from_thumb                         /cygdrive/c/Embedded/GNUARM/bin/../lib/gcc/arm-elf/4.1.1/../../../../arm-elf/lib/interwork/libc.a(impure.o)
__startHighProc_oshal_change_to_arm               /cygdrive/c/Embedded/GNUARM/bin/../lib/gcc/arm-elf/4.1.1/../../../../arm-elf/lib/interwork/libc.a(impure.o)
__startHighProc_oshal_from_thumb                  /cygdrive/c/Embedded/GNUARM/bin/../lib/gcc/arm-elf/4.1.1/../../../../arm-elf/lib/interwork/libc.a(impure.o)
__stkFrameInit_oshal_change_to_arm                /cygdrive/c/Embedded/GNUARM/bin/../lib/gcc/arm-elf/4.1.1/../../../../arm-elf/lib/interwork/libc.a(impure.o)
__stkFrameInit_oshal_from_thumb                   /cygdrive/c/Embedded/GNUARM/bin/../lib/gcc/arm-elf/4.1.1/../../../../arm-elf/lib/interwork/libc.a(impure.o)
__strlen_change_to_arm                            /cygdrive/c/Embedded/GNUARM/bin/../lib/gcc/arm-elf/4.1.1/../../../../arm-elf/lib/interwork/libc.a(impure.o)
__strlen_from_thumb                               /cygdrive/c/Embedded/GNUARM/bin/../lib/gcc/arm-elf/4.1.1/../../../../arm-elf/lib/interwork/libc.a(impure.o)
__udivsi3                                         /cygdrive/c/Embedded/GNUARM/bin/../lib/gcc/arm-elf/4.1.1/interwork/libgcc.a(_udivsi3.o)
                                                  /cygdrive/c/Embedded/GNUARM/bin/../lib/gcc/arm-elf/4.1.1/../../../../arm-elf/lib/interwork/libc.a(strtol.o)
                                                  ../pre_emptive_os/pre_emptive_os.a(stack_usage.o)
                                                  ../startup/libea_startup_thumb.a(consol.o)
__umodsi3                                         /cygdrive/c/Embedded/GNUARM/bin/../lib/gcc/arm-elf/4.1.1/interwork/libgcc.a(_umodsi3.o)
                                                  /cygdrive/c/Embedded/GNUARM/bin/../lib/gcc/arm-elf/4.1.1/../../../../arm-elf/lib/interwork/libc.a(strtol.o)
                                                  ../startup/libea_startup_thumb.a(consol.o)
_atoi_r                                           /cygdrive/c/Embedded/GNUARM/bin/../lib/gcc/arm-elf/4.1.1/../../../../arm-elf/lib/interwork/libc.a(atoi.o)
_call_via_fp                                      /cygdrive/c/Embedded/GNUARM/bin/../lib/gcc/arm-elf/4.1.1/interwork/libgcc.a(_call_via_rX.o)
_call_via_ip                                      /cygdrive/c/Embedded/GNUARM/bin/../lib/gcc/arm-elf/4.1.1/interwork/libgcc.a(_call_via_rX.o)
_call_via_lr                                      /cygdrive/c/Embedded/GNUARM/bin/../lib/gcc/arm-elf/4.1.1/interwork/libgcc.a(_call_via_rX.o)
_call_via_r0                                      /cygdrive/c/Embedded/GNUARM/bin/../lib/gcc/arm-elf/4.1.1/interwork/libgcc.a(_call_via_rX.o)
_call_via_r1                                      /cygdrive/c/Embedded/GNUARM/bin/../lib/gcc/arm-elf/4.1.1/interwork/libgcc.a(_call_via_rX.o)
_call_via_r2                                      /cygdrive/c/Embedded/GNUARM/bin/../lib/gcc/arm-elf/4.1.1/interwork/libgcc.a(_call_via_rX.o)
_call_via_r3                                      /cygdrive/c/Embedded/GNUARM/bin/../lib/gcc/arm-elf/4.1.1/interwork/libgcc.a(_call_via_rX.o)
_call_via_r4                                      /cygdrive/c/Embedded/GNUARM/bin/../lib/gcc/arm-elf/4.1.1/interwork/libgcc.a(_call_via_rX.o)
                                                  ../pre_emptive_os/pre_emptive_os.a(timer.o)
_call_via_r5                                      /cygdrive/c/Embedded/GNUARM/bin/../lib/gcc/arm-elf/4.1.1/interwork/libgcc.a(_call_via_rX.o)
_call_via_r6                                      /cygdrive/c/Embedded/GNUARM/bin/../lib/gcc/arm-elf/4.1.1/interwork/libgcc.a(_call_via_rX.o)
_call_via_r7                                      /cygdrive/c/Embedded/GNUARM/bin/../lib/gcc/arm-elf/4.1.1/interwork/libgcc.a(_call_via_rX.o)
_call_via_r8                                      /cygdrive/c/Embedded/GNUARM/bin/../lib/gcc/arm-elf/4.1.1/interwork/libgcc.a(_call_via_rX.o)
[...]
                                                  ../pre_emptive_os/pre_emptive_os.a(kernel.o)
atoi                                              /cygdrive/c/Embedded/GNUARM/bin/../lib/gcc/arm-elf/4.1.1/../../../../arm-elf/lib/interwork/libc.a(atoi.o)
                                                  ../startup/libea_startup_thumb.a(consol.o)
cfgDescriptor                                     usb/libusb.a(LPC_HID.o)
checkStackLimit                                   ../pre_emptive_os/pre_emptive_os.a(stack_usage.o)
consolGetCh                                       ../startup/libea_startup_thumb.a(consol.o)
consolGetChar                                     ../startup/libea_startup_thumb.a(consol.o)
consolGetIntNum                                   ../startup/libea_startup_thumb.a(consol.o)
consolGetString                                   ../startup/libea_startup_thumb.a(consol.o)
consolInit                                        ../startup/libea_startup_thumb.a(consol.o)
                                                  ../startup/libea_startup_thumb.a(framework.o)
consolScanf                                       ../startup/libea_startup_thumb.a(consol.o)
consolSendCh                                      ../startup/libea_startup_thumb.a(consol.o)
consolSendChar                                    ../startup/libea_startup_thumb.a(consol.o)
consolSendNumber                                  ../startup/libea_startup_thumb.a(consol.o)
                                                  ../startup/libea_startup_thumb.a(framework.o)
                                                  testAdc.o
consolSendString                                  ../startup/libea_startup_thumb.a(consol.o)
                                                  ../startup/libea_startup_thumb.a(framework.o)
createStackPattern                                ../pre_emptive_os/pre_emptive_os.a(stack_usage.o)
                                                  ../pre_emptive_os/pre_emptive_os.a(kernel.o)
ctxSwitchIsr_oshal                                ../pre_emptive_os/pre_emptive_os.a(a7hal_a.o)
                                                  ../pre_emptive_os/pre_emptive_os.a(kernel.o)
ctxSwitch_oshal                                   ../pre_emptive_os/pre_emptive_os.a(a7hal_a.o)
                                                  ../pre_emptive_os/pre_emptive_os.a(kernel.o)
currentAddress                                    usb/libusb.a(LPC_HID.o)
currentConfiguration                              usb/libusb.a(LPC_HID.o)
devDescriptor                                     usb/libusb.a(LPC_HID.o)
disIrq                                            irq/irq_code.a(irqUart.o)
                                                  uart.o
eaInit                                            ../startup/libea_startup_thumb.a(framework.o)
                                                  main.o
eaText                                            testLedMatrix.o
eepromPageRead                                    eeprom.o
                                                  testI2C.o
eepromPoll                                        eeprom.o
                                                  testI2C.o
eepromStartRead                                   eeprom.o
eepromWrite                                       eeprom.o
                                                  testI2C.o
end                                               ../startup/libea_startup_thumb.a(framework.o)
eventInit                                         ../pre_emptive_os/pre_emptive_os.a(event.o)
                                                  ../pre_emptive_os/pre_emptive_os.a(count_sem.o)
eventIsEmpty                                      ../pre_emptive_os/pre_emptive_os.a(event.o)
                                                  ../pre_emptive_os/pre_emptive_os.a(count_sem.o)
eventSignal                                       ../pre_emptive_os/pre_emptive_os.a(event.o)
                                                  ../pre_emptive_os/pre_emptive_os.a(count_sem.o)
eventWait                                         ../pre_emptive_os/pre_emptive_os.a(event.o)
                                                  ../pre_emptive_os/pre_emptive_os.a(count_sem.o)
eventWaitReturn                                   ../pre_emptive_os/pre_emptive_os.a(event.o)
                                                  ../pre_emptive_os/pre_emptive_os.a(count_sem.o)
exceptionHandlerInit                              ../startup/libea_startup_thumb.a(framework.o)
                                                  ../startup/libea_startup_thumb.a(startup.o)
generalIRQ_oshal                                  ../pre_emptive_os/pre_emptive_os.a(a7hal_a.o)
                                                  ../pre_emptive_os/pre_emptive_os.a(a7hal.o)
getHighPrioQueue                                  ../pre_emptive_os/pre_emptive_os.a(prioqueue.o)
                                                  ../pre_emptive_os/pre_emptive_os.a(event.o)
                                                  ../pre_emptive_os/pre_emptive_os.a(kernel.o)
halDisableInterrupts                              usb/libusb.a(LPC_USB.o)
halDisableInterrupts_oshal                        ../pre_emptive_os/pre_emptive_os.a(a7hal.o)
                                                  ../pre_emptive_os/pre_emptive_os.a(count_sem.o)
                                                  ../pre_emptive_os/pre_emptive_os.a(timer.o)
                                                  ../pre_emptive_os/pre_emptive_os.a(kernel.o)
halEnableInterrupts                               usb/libusb.a(LPC_USB.o)
halEnableInterrupts_oshal                         ../pre_emptive_os/pre_emptive_os.a(a7hal.o)
halRestoreInterrupts                              usb/libusb.a(LPC_USB.o)
halRestoreInterrupts_oshal                        ../pre_emptive_os/pre_emptive_os.a(a7hal.o)
                                                  ../pre_emptive_os/pre_emptive_os.a(count_sem.o)
                                                  ../pre_emptive_os/pre_emptive_os.a(timer.o)
                                                  ../pre_emptive_os/pre_emptive_os.a(kernel.o)
handleIRQs_oshal                                  ../pre_emptive_os/pre_emptive_os.a(a7hal.o)
                                                  ../pre_emptive_os/pre_emptive_os.a(a7hal_a.o)
i2cCheckStatus                                    i2c.o
                                                  eeprom.o
i2cGetChar                                        i2c.o
                                                  eeprom.o
i2cInit                                           i2c.o
                                                  testI2C.o
i2cMyWrite                                        i2c.o
i2cPutChar                                        i2c.o
                                                  eeprom.o
i2cRead                                           i2c.o
i2cRepeatStart                                    i2c.o
                                                  eeprom.o
i2cStart                                          i2c.o
                                                  eeprom.o
i2cStop                                           i2c.o
                                                  eeprom.o
i2cWaitTransmit                                   i2c.o
i2cWrite                                          i2c.o
i2cWriteWithWait                                  i2c.o
                                                  eeprom.o
initPrioQueue                                     ../pre_emptive_os/pre_emptive_os.a(prioqueue.o)
                                                  ../pre_emptive_os/pre_emptive_os.a(event.o)
                                                  ../pre_emptive_os/pre_emptive_os.a(kernel.o)
initTimer_oshal                                   ../pre_emptive_os/pre_emptive_os.a(a7hal.o)
                                                  ../pre_emptive_os/pre_emptive_os.a(kernel.o)
initUart1                                         uart.o
                                                  testXBee.o
isEmptyPrioQueue                                  ../pre_emptive_os/pre_emptive_os.a(prioqueue.o)
                                                  ../pre_emptive_os/pre_emptive_os.a(event.o)
isrNesting                                        ../pre_emptive_os/pre_emptive_os.a(kernel.o)
                                                  ../pre_emptive_os/pre_emptive_os.a(event.o)
                                                  ../pre_emptive_os/pre_emptive_os.a(count_sem.o)
                                                  ../pre_emptive_os/pre_emptive_os.a(a7hal_a.o)
ledMatrix                                         irq/irq_code.a(irq_timer1.o)
                                                  testLedMatrix.o
lm75Read                                          eeprom.o
                                                  testAdc.o
                                                  testI2C.o
lowLevelInit                                      ../startup/libea_startup_thumb.a(framework.o)
                                                  ../startup/libea_startup_thumb.a(startup.o)
main                                              main.o
                                                  ../startup/libea_startup_thumb.a(startup.o)
memcpy                                            /cygdrive/c/Embedded/GNUARM/bin/../lib/gcc/arm-elf/4.1.1/../../../../arm-elf/lib/interwork/libc.a(memcpy.o)
                                                  ../startup/libea_startup_thumb.a(consol.o)
                                                  testI2C.o
mouseDescriptor                                   usb/libusb.a(LPC_HID.o)
msClock                                           main.o
                                                  testXBee.o
osCreateProcess                                   ../pre_emptive_os/pre_emptive_os.a(kernel.o)
                                                  ../pre_emptive_os/pre_emptive_os.a(timer.o)
                                                  main.o
osCreateTimer                                     ../pre_emptive_os/pre_emptive_os.a(timer.o)
osDeleteProcess                                   ../pre_emptive_os/pre_emptive_os.a(kernel.o)
                                                  main.o
osDeleteTimer                                     ../pre_emptive_os/pre_emptive_os.a(timer.o)
osGetHighPrioProc                                 ../pre_emptive_os/pre_emptive_os.a(kernel.o)
osISREnter                                        ../pre_emptive_os/pre_emptive_os.a(kernel.o)
osISRExit                                         ../pre_emptive_os/pre_emptive_os.a(kernel.o)
                                                  ../pre_emptive_os/pre_emptive_os.a(a7hal_a.o)
osInit                                            ../pre_emptive_os/pre_emptive_os.a(kernel.o)
                                                  main.o
osInitTimers                                      ../pre_emptive_os/pre_emptive_os.a(timer.o)
osLockNesting                                     ../pre_emptive_os/pre_emptive_os.a(kernel.o)
osPid                                             ../pre_emptive_os/pre_emptive_os.a(kernel.o)
osResume                                          ../pre_emptive_os/pre_emptive_os.a(kernel.o)
osSemGive                                         ../pre_emptive_os/pre_emptive_os.a(count_sem.o)
                                                  ../pre_emptive_os/pre_emptive_os.a(timer.o)
osSemInit                                         ../pre_emptive_os/pre_emptive_os.a(count_sem.o)
                                                  ../pre_emptive_os/pre_emptive_os.a(timer.o)
osSemTake                                         ../pre_emptive_os/pre_emptive_os.a(count_sem.o)
                                                  ../pre_emptive_os/pre_emptive_os.a(timer.o)
osSemTryTake                                      ../pre_emptive_os/pre_emptive_os.a(count_sem.o)
osSleep                                           ../pre_emptive_os/pre_emptive_os.a(kernel.o)
                                                  testXBee.o
                                                  testAdc.o
                                                  testI2C.o
                                                  testRGB.o
                                                  testMotor.o
                                                  testLcd.o
                                                  testLedMatrix.o
                                                  main.o
osStackUsage                                      ../pre_emptive_os/pre_emptive_os.a(stack_usage.o)
osStart                                           ../pre_emptive_os/pre_emptive_os.a(kernel.o)
                                                  main.o
osStartProcess                                    ../pre_emptive_os/pre_emptive_os.a(kernel.o)
                                                  ../pre_emptive_os/pre_emptive_os.a(timer.o)
                                                  main.o
osSuspend                                         ../pre_emptive_os/pre_emptive_os.a(kernel.o)
osTick                                            ../pre_emptive_os/pre_emptive_os.a(kernel.o)
                                                  ../pre_emptive_os/pre_emptive_os.a(a7hal.o)
pHeapEnd                                          ../startup/libea_startup_thumb.a(framework.o)
pHeapStart                                        ../startup/libea_startup_thumb.a(framework.o)
pNxtToRun                                         ../pre_emptive_os/pre_emptive_os.a(kernel.o)
                                                  ../pre_emptive_os/pre_emptive_os.a(a7hal_a.o)
pRunProc                                          ../pre_emptive_os/pre_emptive_os.a(kernel.o)
                                                  ../pre_emptive_os/pre_emptive_os.a(event.o)
                                                  ../pre_emptive_os/pre_emptive_os.a(a7hal_a.o)
pattern                                           testLedMatrix.o
                                                  irq/irq_code.a(irq_timer1.o)
processControlBlocks                              ../pre_emptive_os/pre_emptive_os.a(event.o)
                                                  ../pre_emptive_os/pre_emptive_os.a(stack_usage.o)
                                                  ../pre_emptive_os/pre_emptive_os.a(kernel.o)
restoreIrq                                        irq/irq_code.a(irqUart.o)
                                                  uart.o
rmvFromPrioQueue                                  ../pre_emptive_os/pre_emptive_os.a(prioqueue.o)
                                                  ../pre_emptive_os/pre_emptive_os.a(event.o)
                                                  ../pre_emptive_os/pre_emptive_os.a(kernel.o)
rmvFromRdyList                                    ../pre_emptive_os/pre_emptive_os.a(kernel.o)
                                                  ../pre_emptive_os/pre_emptive_os.a(event.o)
rmvFromTimeList                                   ../pre_emptive_os/pre_emptive_os.a(kernel.o)
                                                  ../pre_emptive_os/pre_emptive_os.a(event.o)
schedule                                          ../pre_emptive_os/pre_emptive_os.a(kernel.o)
                                                  ../pre_emptive_os/pre_emptive_os.a(event.o)
                                                  ../pre_emptive_os/pre_emptive_os.a(count_sem.o)
send_SPI                                          irq/irq_code.a(irq_timer1.o)
simplePrintf                                      ../startup/libea_startup_thumb.a(consol.o)
                                                  usb/libusb.a(LPC_HID.o)
                                                  testXBee.o
                                                  testAdc.o
                                                  testI2C.o
                                                  main.o
startHighProc_oshal                               ../pre_emptive_os/pre_emptive_os.a(a7hal_a.o)
                                                  ../pre_emptive_os/pre_emptive_os.a(kernel.o)
startupSound                                      startupSound.o
                                                  main.o
stkFrameInit_oshal                                ../pre_emptive_os/pre_emptive_os.a(a7hal.o)
                                                  ../pre_emptive_os/pre_emptive_os.a(kernel.o)
strlen                                            /cygdrive/c/Embedded/GNUARM/bin/../lib/gcc/arm-elf/4.1.1/../../../../arm-elf/lib/interwork/libc.a(strlen.o)
                                                  ../startup/libea_startup_thumb.a(consol.o)
                                                  testI2C.o
strtol                                            /cygdrive/c/Embedded/GNUARM/bin/../lib/gcc/arm-elf/4.1.1/../../../../arm-elf/lib/interwork/libc.a(strtol.o)
                                                  /cygdrive/c/Embedded/GNUARM/bin/../lib/gcc/arm-elf/4.1.1/../../../../arm-elf/lib/interwork/libc.a(atoi.o)
testAdc                                           testAdc.o
                                                  main.o
testEEPROM                                        testI2C.o
testI2C                                           testI2C.o
                                                  main.o
testLcd                                           testLcd.o
                                                  main.o
testLedMatrix                                     testLedMatrix.o
                                                  main.o
testMotor                                         testMotor.o
                                                  main.o
testRGB                                           testRGB.o
                                                  main.o
testXBee                                          testXBee.o
                                                  main.o
timerIsr_oshal                                    ../pre_emptive_os/pre_emptive_os.a(a7hal.o)
timerTick                                         ../pre_emptive_os/pre_emptive_os.a(timer.o)
                                                  ../pre_emptive_os/pre_emptive_os.a(kernel.o)
uart1GetCh                                        uart.o
uart1GetChar                                      uart.o
                                                  testXBee.o
uart1ISR                                          irq/irq_code.a(irqUart.o)
                                                  uart.o
uart1RxBuf                                        irq/irq_code.a(irqUart.o)
                                                  uart.o
uart1RxHead                                       uart.o
                                                  irq/irq_code.a(irqUart.o)
uart1RxTail                                       uart.o
                                                  irq/irq_code.a(irqUart.o)
uart1SendCh                                       uart.o
                                                  testXBee.o
uart1SendChar                                     uart.o
uart1SendChars                                    uart.o
uart1SendString                                   uart.o
uart1TxBuf                                        irq/irq_code.a(irqUart.o)
                                                  uart.o
uart1TxHead                                       uart.o
                                                  irq/irq_code.a(irqUart.o)
uart1TxRunning                                    uart.o
                                                  irq/irq_code.a(irqUart.o)
uart1TxTail                                       uart.o
                                                  irq/irq_code.a(irqUart.o)
xbeePresent                                       testRGB.o
                                                  main.o
